Component: ARM Compiler 5.06 update 6 (build 750) Tool: armlink [4d35ed]

==============================================================================

Section Cross References

    main.o(i._Z7InitBspv) refers to stm32f4xx_rcc.o(i.RCC_AHB1PeriphClockCmd) for RCC_AHB1PeriphClockCmd
    main.o(i._Z7InitBspv) refers to stm32f4xx_gpio.o(i.GPIO_Init) for GPIO_Init
    main.o(i._Z7InitBspv) refers to stm32f4xx_gpio.o(i.GPIO_ResetBits) for GPIO_ResetBits
    main.o(i._Z9TaskStartPv) refers to stm32f4xx_gpio.o(i.GPIO_SetBits) for GPIO_SetBits
    main.o(i._Z9TaskStartPv) refers to rtx_delay.o(i.osDelay) for osDelay
    main.o(i._Z9TaskStartPv) refers to stm32f4xx_gpio.o(i.GPIO_ResetBits) for GPIO_ResetBits
    main.o(i.main) refers to system_stm32f4xx.o(i.SystemCoreClockUpdate) for SystemCoreClockUpdate
    main.o(i.main) refers to main.o(i._Z7InitBspv) for InitBsp()
    main.o(i.main) refers to rtx_kernel.o(i.osKernelInitialize) for osKernelInitialize
    main.o(i.main) refers to thead_1.o(i._ZN6CTheadC1EPFYvPvES0_PK14osThreadAttr_t) for CThead::CThead(void(*)(void*), void*, const osThreadAttr_t*)
    main.o(i.main) refers to rtx_kernel.o(i.osKernelStart) for osKernelStart
    main.o(i.main) refers to thead_1.o(i._ZN6CTheadD1Ev) for CThead::~CThead()
    main.o(i.main) refers to main.o(i._Z9TaskStartPv) for TaskStart(void*)
    main.o(.ARM.exidx) refers to main.o(i._Z9TaskStartPv) for i._Z9TaskStartPv
    main.o(.ARM.exidx) refers to main.o(i._Z7InitBspv) for i._Z7InitBspv
    main.o(.ARM.exidx) refers to main.o(i.main) for i.main
    thead_1.o(i._ZN6CTheadC1EPFYvPvES0_PK14osThreadAttr_t) refers to thead_1.o(t._ZNSt3mapIPvP6CTheadSt4lessIS0_ESaISt4pairIKS0_S2_EEEC1ERKS4_RKS8_) for std::map<void*, CThead*, std::less<void*>, std::allocator<std::pair<void*const , CThead*>>>::map(const std::less<void*>&, const std::allocator<std::pair<void*const , CThead*>>&)
    thead_1.o(i._ZN6CTheadC1EPFYvPvES0_PK14osThreadAttr_t) refers to rtx_thread.o(i.osThreadNew) for osThreadNew
    thead_1.o(i._ZN6CTheadC1EPFYvPvES0_PK14osThreadAttr_t) refers to thead_1.o(t._ZN4__rw9__rb_treeIPvSt4pairIKS1_P6CTheadENS_11__select1stIS6_S1_EESt4lessIS1_ESaIS6_EE6insertERKS6_) for __rw::__rb_tree<void*, std::pair<void*const , CThead*>, __rw::__select1st<std::pair<void*const , CThead*>, void*>, std::less<void*>, std::allocator<std::pair<void*const , CThead*>>>::insert(const std::pair<void*const , CThead*>&)
    thead_1.o(i._ZN6CTheadC1EPFYvPvES0_PK14osThreadAttr_t) refers to thead_1.o(t._ZN4__rw14__rw_tree_iterISt4pairIKPvP6CTheadEiPS6_RS6_NS_17__rw_rb_tree_nodeISaIS6_ES6_S2_NS_11__select1stIS6_S2_EEEEEC1ERKSE_) for __rw::__rw_tree_iter<std::pair<void*const , CThead*>, int, std::pair<void*const , CThead*>*, std::pair<void*const , CThead*>&, __rw::__rw_rb_tree_node<std::allocator<std::pair<void*const , CThead*>>, std::pair<void*const , CThead*>, void*, __rw::__select1st<std::pair<void*const , CThead*>, void*>>>::__rw_tree_iter(const __rw::__rw_tree_iter<std::pair<void*const , CThead*>, int, std::pair<void*const , CThead*>*, std::pair<void*const , CThead*>&, __rw::__rw_rb_tree_node<std::allocator<std::pair<void*const , CThead*>>, std::pair<void*const , CThead*>, void*, __rw::__select1st<std::pair<void*const , CThead*>, void*>>>&)
    thead_1.o(i._ZN6CTheadC1Ev) refers to thead_1.o(t._ZNSt3mapIPvP6CTheadSt4lessIS0_ESaISt4pairIKS0_S2_EEEC1ERKS4_RKS8_) for std::map<void*, CThead*, std::less<void*>, std::allocator<std::pair<void*const , CThead*>>>::map(const std::less<void*>&, const std::allocator<std::pair<void*const , CThead*>>&)
    thead_1.o(i._ZN6CTheadD1Ev) refers to rtx_thread.o(i.osThreadTerminate) for osThreadTerminate
    thead_1.o(i._ZN6CTheadD1Ev) refers to thead_1.o(t._ZN4__rw9__rb_treeIPvSt4pairIKS1_P6CTheadENS_11__select1stIS6_S1_EESt4lessIS1_ESaIS6_EE3endEv) for __rw::__rb_tree<void*, std::pair<void*const , CThead*>, __rw::__select1st<std::pair<void*const , CThead*>, void*>, std::less<void*>, std::allocator<std::pair<void*const , CThead*>>>::end()
    thead_1.o(i._ZN6CTheadD1Ev) refers to thead_1.o(t._ZN4__rw9__rb_treeIPvSt4pairIKS1_P6CTheadENS_11__select1stIS6_S1_EESt4lessIS1_ESaIS6_EE5beginEv) for __rw::__rb_tree<void*, std::pair<void*const , CThead*>, __rw::__select1st<std::pair<void*const , CThead*>, void*>, std::less<void*>, std::allocator<std::pair<void*const , CThead*>>>::begin()
[...]
    std::locale::_C_native                   0x20001594   Data           4  locale.o(.data)
    std::locale::_C_global                   0x20001598   Data           4  locale.o(.data)
    std::codecvt<char, char, std::__mbstate_t>::id 0x2000159c   Data           4  locale.o(.data)
    std::codecvt<wchar_t, char, std::__mbstate_t>::id 0x200015a0   Data           4  locale.o(.data)
    __rw_throw_proc                          0x200015a4   Data           4  rwthrowproc_noex.o(.data)
    _stream_list_lock                        0x200015b0   Data           4  streamlock.o(.data)
    osRtxInfo                                0x200015b4   Data         164  rtx_kernel.o(.data.os)
    std::locale::id::_C_init() const::_C_id_gen 0x20001658   Data           4  locale.o(.data__ZZNKSt6locale2id7_C_initEvE9_C_id_gen)
    guard variable for std::__rw_get_cats()::__open_cats 0x2000165c   Data           4  messages.o(.data__ZZSt13__rw_get_catsvE11__open_cats)
    std::__rw_get_cats()::__open_cats        0x20001660   Data           8  messages.o(.data__ZZSt13__rw_get_catsvE11__open_cats)
    __stdin                                  0x20001680   Data          84  stdio_streams.o(.bss)
    __stdout                                 0x200016d4   Data          84  stdio_streams.o(.bss)
    __stderr                                 0x20001728   Data          84  stdio_streams.o(.bss)
    __libspace_start                         0x2000177c   Data          96  libspace.o(.bss)
    __temporary_stack_top$libspace           0x200017dc   Data           0  libspace.o(.bss)
    std::basic_string<char, std::char_traits<char>, std::allocator<char>>::__nullref 0x20001808   Data          16  vendor.o(.bss__ZNSs9__nullrefE)



==============================================================================

Memory Map of the image

  Image Entry point : 0x08000189

  Load Region LR_IROM1 (Base: 0x08000000, Size: 0x0000bf74, Max: 0x00100000, ABSOLUTE, COMPRESSED[0x0000a96c])

    Execution Region ER_IROM1 (Exec base: 0x08000000, Load base: 0x08000000, Size: 0x0000a90c, Max: 0x00100000, ABSOLUTE)

    Exec Addr    Load Addr    Size         Type   Attr      Idx    E Section Name        Object

    0x08000000   0x08000000   0x00000188   Data   RO         5841    RESET               startup_stm32f40xx.o
    0x08000188   0x08000188   0x00000008   Code   RO         8738  * !!!main             c_w.l(__main.o)
    0x08000190   0x08000190   0x00000034   Code   RO        10588    !!!scatter          c_w.l(__scatter.o)
    0x080001c4   0x080001c4   0x0000003a   Code   RO        10586    !!dczerorl          c_w.l(__dczerorl.o)
    0x080001fe   0x080001fe   0x00000002   PAD
    0x08000200   0x08000200   0x0000001c   Code   RO        10590    !!handler_zi        c_w.l(__scatter_zi.o)
    0x0800021c   0x0800021c   0x00000000   Code   RO         9948    .ARM.Collect$$_printf_percent$$00000000  c_w.l(_printf_percent.o)
    0x0800021c   0x0800021c   0x00000006   Code   RO         9937    .ARM.Collect$$_printf_percent$$00000001  c_w.l(_printf_n.o)
    0x08000222   0x08000222   0x00000006   Code   RO         9939    .ARM.Collect$$_printf_percent$$00000002  c_w.l(_printf_p.o)
    0x08000228   0x08000228   0x00000006   Code   RO         9944    .ARM.Collect$$_printf_percent$$00000003  c_w.l(_printf_f.o)
    0x0800022e   0x0800022e   0x00000006   Code   RO         9945    .ARM.Collect$$_printf_percent$$00000004  c_w.l(_printf_e.o)
    0x08000234   0x08000234   0x00000006   Code   RO         9946    .ARM.Collect$$_printf_percent$$00000005  c_w.l(_printf_g.o)
    0x0800023a   0x0800023a   0x00000006   Code   RO         9947    .ARM.Collect$$_printf_percent$$00000006  c_w.l(_printf_a.o)
    0x08000240   0x08000240   0x0000000a   Code   RO         9952    .ARM.Collect$$_printf_percent$$00000007  c_w.l(_printf_ll.o)
    0x0800024a   0x0800024a   0x00000006   Code   RO         9941    .ARM.Collect$$_printf_percent$$00000008  c_w.l(_printf_i.o)
    0x08000250   0x08000250   0x00000006   Code   RO         9942    .ARM.Collect$$_printf_percent$$00000009  c_w.l(_printf_d.o)
    0x08000256   0x08000256   0x00000006   Code   RO         9943    .ARM.Collect$$_printf_percent$$0000000A  c_w.l(_printf_u.o)
    0x0800025c   0x0800025c   0x00000006   Code   RO         9940    .ARM.Collect$$_printf_percent$$0000000B  c_w.l(_printf_o.o)
    0x08000262   0x08000262   0x00000006   Code   RO         9938    .ARM.Collect$$_printf_percent$$0000000C  c_w.l(_printf_x.o)
    0x08000268   0x08000268   0x00000006   Code   RO         9949    .ARM.Collect$$_printf_percent$$0000000D  c_w.l(_printf_lli.o)
    0x0800026e   0x0800026e   0x00000006   Code   RO         9950    .ARM.Collect$$_printf_percent$$0000000E  c_w.l(_printf_lld.o)
    0x08000274   0x08000274   0x00000006   Code   RO         9951    .ARM.Collect$$_printf_percent$$0000000F  c_w.l(_printf_llu.o)
    0x0800027a   0x0800027a   0x00000006   Code   RO         9956    .ARM.Collect$$_printf_percent$$00000010  c_w.l(_printf_llo.o)
    0x08000280   0x08000280   0x00000006   Code   RO         9957    .ARM.Collect$$_printf_percent$$00000011  c_w.l(_printf_llx.o)
    0x08000286   0x08000286   0x0000000a   Code   RO         9953    .ARM.Collect$$_printf_percent$$00000012  c_w.l(_printf_l.o)
    0x08000290   0x08000290   0x00000006   Code   RO         9935    .ARM.Collect$$_printf_percent$$00000013  c_w.l(_printf_c.o)
    0x08000296   0x08000296   0x00000006   Code   RO         9936    .ARM.Collect$$_printf_percent$$00000014  c_w.l(_printf_s.o)
    0x0800029c   0x0800029c   0x00000006   Code   RO         9954    .ARM.Collect$$_printf_percent$$00000015  c_w.l(_printf_lc.o)
    0x080002a2   0x080002a2   0x00000006   Code   RO         9955    .ARM.Collect$$_printf_percent$$00000016  c_w.l(_printf_ls.o)
    0x080002a8   0x080002a8   0x00000004   Code   RO        10263    .ARM.Collect$$_printf_percent$$00000017  c_w.l(_printf_percent_end.o)
    0x080002ac   0x080002ac   0x00000002   Code   RO        10015    .ARM.Collect$$libinit$$00000000  c_w.l(libinit.o)
    0x080002ae   0x080002ae   0x00000004   Code   RO        10016    .ARM.Collect$$libinit$$00000001  c_w.l(libinit2.o)
    0x080002b2   0x080002b2   0x00000000   Code   RO        10019    .ARM.Collect$$libinit$$00000004  c_w.l(libinit2.o)
    0x080002b2   0x080002b2   0x00000008   Code   RO        10020    .ARM.Collect$$libinit$$00000005  c_w.l(libinit2.o)
    0x080002ba   0x080002ba   0x00000000   Code   RO        10022    .ARM.Collect$$libinit$$0000000A  c_w.l(libinit2.o)
    0x080002ba   0x080002ba   0x00000000   Code   RO        10024    .ARM.Collect$$libinit$$0000000C  c_w.l(libinit2.o)
    0x080002ba   0x080002ba   0x00000000   Code   RO        10026    .ARM.Collect$$libinit$$0000000E  c_w.l(libinit2.o)
    0x080002ba   0x080002ba   0x00000006   Code   RO        10027    .ARM.Collect$$libinit$$0000000F  c_w.l(libinit2.o)
    0x080002c0   0x080002c0   0x00000000   Code   RO        10029    .ARM.Collect$$libinit$$00000011  c_w.l(libinit2.o)
    0x080002c0   0x080002c0   0x0000000c   Code   RO        10030    .ARM.Collect$$libinit$$00000012  c_w.l(libinit2.o)
    0x080002cc   0x080002cc   0x00000000   Code   RO        10031    .ARM.Collect$$libinit$$00000013  c_w.l(libinit2.o)
    0x080002cc   0x080002cc   0x00000000   Code   RO        10033    .ARM.Collect$$libinit$$00000015  c_w.l(libinit2.o)
    0x080002cc   0x080002cc   0x0000000a   Code   RO        10034    .ARM.Collect$$libinit$$00000016  c_w.l(libinit2.o)
    0x080002d6   0x080002d6   0x00000000   Code   RO        10035    .ARM.Collect$$libinit$$00000017  c_w.l(libinit2.o)
    0x080002d6   0x080002d6   0x00000000   Code   RO        10037    .ARM.Collect$$libinit$$00000019  c_w.l(libinit2.o)
    0x080002d6   0x080002d6   0x00000000   Code   RO        10039    .ARM.Collect$$libinit$$0000001B  c_w.l(libinit2.o)
    0x080002d6   0x080002d6   0x00000000   Code   RO        10041    .ARM.Collect$$libinit$$0000001D  c_w.l(libinit2.o)
    0x080002d6   0x080002d6   0x00000000   Code   RO        10043    .ARM.Collect$$libinit$$0000001F  c_w.l(libinit2.o)
    0x080002d6   0x080002d6   0x00000000   Code   RO        10045    .ARM.Collect$$libinit$$00000021  c_w.l(libinit2.o)
    0x080002d6   0x080002d6   0x00000000   Code   RO        10047    .ARM.Collect$$libinit$$00000023  c_w.l(libinit2.o)
    0x080002d6   0x080002d6   0x00000004   Code   RO        10048    .ARM.Collect$$libinit$$00000024  c_w.l(libinit2.o)
    0x080002da   0x080002da   0x00000000   Code   RO        10049    .ARM.Collect$$libinit$$00000025  c_w.l(libinit2.o)
    0x080002da   0x080002da   0x00000000   Code   RO        10053    .ARM.Collect$$libinit$$0000002C  c_w.l(libinit2.o)
    0x080002da   0x080002da   0x00000000   Code   RO        10055    .ARM.Collect$$libinit$$0000002E  c_w.l(libinit2.o)
    0x080002da   0x080002da   0x00000000   Code   RO        10057    .ARM.Collect$$libinit$$00000030  c_w.l(libinit2.o)
    0x080002da   0x080002da   0x00000004   Code   RO        10058    .ARM.Collect$$libinit$$00000031  c_w.l(libinit2.o)
    0x080002de   0x080002de   0x00000000   Code   RO        10059    .ARM.Collect$$libinit$$00000032  c_w.l(libinit2.o)
    0x080002de   0x080002de   0x00000002   Code   RO        10060    .ARM.Collect$$libinit$$00000033  c_w.l(libinit2.o)
    0x080002e0   0x080002e0   0x00000002   Code   RO        10488    .ARM.Collect$$libshutdown$$00000000  c_w.l(libshutdown.o)
    0x080002e2   0x080002e2   0x00000006   Code   RO        10331    .ARM.Collect$$libshutdown$$00000001  c_w.l(libshutdown2.o)
    0x080002e8   0x080002e8   0x00000000   Code   RO        10332    .ARM.Collect$$libshutdown$$00000002  c_w.l(libshutdown2.o)
    0x080002e8   0x080002e8   0x00000004   Code   RO        10333    .ARM.Collect$$libshutdown$$00000003  c_w.l(libshutdown2.o)
    0x080002ec   0x080002ec   0x00000000   Code   RO        10334    .ARM.Collect$$libshutdown$$00000004  c_w.l(libshutdown2.o)
    0x080002ec   0x080002ec   0x00000000   Code   RO        10337    .ARM.Collect$$libshutdown$$00000007  c_w.l(libshutdown2.o)
    0x080002ec   0x080002ec   0x00000000   Code   RO        10340    .ARM.Collect$$libshutdown$$0000000A  c_w.l(libshutdown2.o)
    0x080002ec   0x080002ec   0x00000000   Code   RO        10342    .ARM.Collect$$libshutdown$$0000000C  c_w.l(libshutdown2.o)
    0x080002ec   0x080002ec   0x00000004   Code   RO        10343    .ARM.Collect$$libshutdown$$0000000D  c_w.l(libshutdown2.o)
    0x080002f0   0x080002f0   0x00000000   Code   RO        10345    .ARM.Collect$$libshutdown$$0000000F  c_w.l(libshutdown2.o)
    0x080002f0   0x080002f0   0x00000002   Code   RO        10346    .ARM.Collect$$libshutdown$$00000010  c_w.l(libshutdown2.o)
    0x080002f2   0x080002f2   0x00000000   Code   RO         8894    .ARM.Collect$$rtentry$$00000000  c_w.l(__rtentry.o)
    0x080002f2   0x080002f2   0x00000000   Code   RO         9162    .ARM.Collect$$rtentry$$00000002  c_w.l(__rtentry2.o)
    0x080002f2   0x080002f2   0x00000006   Code   RO         9174    .ARM.Collect$$rtentry$$00000004  c_w.l(__rtentry4.o)
    0x080002f8   0x080002f8   0x00000008   Code   RO         9163    .ARM.Collect$$rtentry$$00000008  c_w.l(__rtentry2.o)
    0x08000300   0x08000300   0x00000004   Code   RO         9165    .ARM.Collect$$rtentry$$0000000A  c_w.l(__rtentry2.o)
    0x08000304   0x08000304   0x00000000   Code   RO         9167    .ARM.Collect$$rtentry$$0000000C  c_w.l(__rtentry2.o)
    0x08000304   0x08000304   0x00000008   Code   RO         9168    .ARM.Collect$$rtentry$$0000000D  c_w.l(__rtentry2.o)
    0x0800030c   0x0800030c   0x00000002   Code   RO        10207    .ARM.Collect$$rtexit$$00000000  c_w.l(rtexit.o)
    0x0800030e   0x0800030e   0x00000000   Code   RO        10363    .ARM.Collect$$rtexit$$00000002  c_w.l(rtexit2.o)
    0x0800030e   0x0800030e   0x00000004   Code   RO        10364    .ARM.Collect$$rtexit$$00000003  c_w.l(rtexit2.o)
    0x08000312   0x08000312   0x00000006   Code   RO        10365    .ARM.Collect$$rtexit$$00000004  c_w.l(rtexit2.o)
    0x08000318   0x08000318   0x00000148   Code   RO         7459    .emb_text           rtx_mempool.o
    0x08000460   0x08000460   0x00000148   Code   RO         7621    .emb_text           rtx_msgqueue.o
    0x080005a8   0x080005a8   0x00000148   Code   RO         8027    .emb_text           rtx_system.o
    0x080006f0   0x080006f0   0x00000148   Code   RO         8083    .emb_text           rtx_thread.o
    0x08000838   0x08000838   0x00000000   Code   RO        10235    .emb_text           c_w.l(maybetermalloc2.o)
    0x08000838   0x08000838   0x00000040   Code   RO         5842    .text               startup_stm32f40xx.o
    0x08000878   0x08000878   0x000000c4   Code   RO         5847    .text               irq_cm4f.o
    0x0800093c   0x0800093c   0x0000008a   Code   RO         8730    .text               c_w.l(rt_memcpy_v6.o)
    0x080009c6   0x080009c6   0x00000044   Code   RO         8732    .text               c_w.l(rt_memclr.o)
    0x08000a0a   0x08000a0a   0x0000004e   Code   RO         8734    .text               c_w.l(rt_memclr_w.o)
    0x08000a58   0x08000a58   0x00000006   Code   RO         8736    .text               c_w.l(heapauxi.o)
    0x08000a5e   0x08000a5e   0x00000084   Code   RO         8895    .text               c_w.l(rt_memmove_v6.o)
    0x08000ae2   0x08000ae2   0x00000064   Code   RO         8897    .text               c_w.l(rt_memcpy_w.o)
    0x08000b46   0x08000b46   0x0000000a   Code   RO         9181    .text               c_w.l(rt_new_handler_addr_twolibspace.o)
    0x08000b50   0x08000b50   0x0000009e   Code   RO         9191    .text               c_w.l(h1_alloc_mt.o)
    0x08000bee   0x08000bee   0x00000076   Code   RO         9193    .text               c_w.l(h1_free_mt.o)
    0x08000c64   0x08000c64   0x00000014   Code   RO         9245    .text               c_w.l(fprintf.o)
    0x08000c78   0x08000c78   0x00000034   Code   RO         9247    .text               c_w.l(vsnprintf.o)
    0x08000cac   0x08000cac   0x0000003c   Code   RO         9249    .text               c_w.l(sscanf.o)
    0x08000ce8   0x08000ce8   0x00000016   Code   RO         9257    .text               c_w.l(abort.o)
    0x08000cfe   0x08000cfe   0x00000048   Code   RO         9259    .text               c_w.l(strcpy.o)
    0x08000d46   0x08000d46   0x00000016   Code   RO         9261    .text               c_w.l(strrchr.o)
    0x08000d5c   0x08000d5c   0x0000003e   Code   RO         9263    .text               c_w.l(strlen.o)
    0x08000d9a   0x08000d9a   0x00000018   Code   RO         9265    .text               c_w.l(strcat.o)
    0x08000db2   0x08000db2   0x0000007a   Code   RO         9267    .text               c_w.l(rt_memmove_w.o)
    0x08000e2c   0x08000e2c   0x00000004   Code   RO         9762    .text               cpprt_w.l(arm_newhandler_noexceptions.o)
    0x08000e30   0x08000e30   0x0000000e   Code   RO         9798    .text               cpprt_w.l(aeabi_vec_delete_noexceptions.o)
    0x08000e3e   0x08000e3e   0x0000001a   Code   RO         9804    .text               cpprt_w.l(arm_exceptions_terminate.o)
    0x08000e58   0x08000e58   0x00000050   Code   RO         9814    .text               cpprt_w.l(arm_exceptions_globs.o)
    0x08000ea8   0x08000ea8   0x0000000c   Code   RO         9820    .text               c_w.l(sys_exit.o)
    0x08000eb4   0x08000eb4   0x00000008   Code   RO         9822    .text               c_w.l(libspace.o)
    0x08000ebc   0x08000ebc   0x0000004a   Code   RO         9825    .text               c_w.l(sys_stackheap_outer.o)
    0x08000f06   0x08000f06   0x00000002   PAD
    0x08000f08   0x08000f08   0x00000010   Code   RO         9827    .text               c_w.l(rt_ctype_table.o)
    0x08000f18   0x08000f18   0x0000000a   Code   RO         9834    .text               c_w.l(rt_heap_descriptor_twolibspace.o)
    0x08000f22   0x08000f22   0x0000000a   Code   RO         9841    .text               c_w.l(rt_eh_globals_addr_twolibspace.o)
    0x08000f2c   0x08000f2c   0x00000004   Code   RO         9843    .text               c_w.l(hguard.o)
    0x08000f30   0x08000f30   0x0000008a   Code   RO         9845    .text               c_w.l(init_alloc.o)
    0x08000fba   0x08000fba   0x00000012   Code   RO         9851    .text               c_w.l(h1_init_mt.o)
    0x08000fcc   0x08000fcc   0x0000004e   Code   RO         9865    .text               c_w.l(_printf_pad.o)
    0x0800101a   0x0800101a   0x00000024   Code   RO         9867    .text               c_w.l(_printf_truncate.o)
    0x0800103e   0x0800103e   0x00000052   Code   RO         9869    .text               c_w.l(_printf_str.o)
    0x08001090   0x08001090   0x00000078   Code   RO         9871    .text               c_w.l(_printf_dec.o)
    0x08001108   0x08001108   0x00000028   Code   RO         9873    .text               c_w.l(_printf_charcount.o)
    0x08001130   0x08001130   0x00000030   Code   RO         9875    .text               c_w.l(_printf_char_common.o)
    0x08001160   0x08001160   0x0000000a   Code   RO         9877    .text               c_w.l(_sputc.o)
    0x0800116a   0x0800116a   0x00000010   Code   RO         9879    .text               c_w.l(_snputc.o)
    0x0800117a   0x0800117a   0x00000002   PAD
    0x0800117c   0x0800117c   0x000000bc   Code   RO         9883    .text               c_w.l(_printf_wctomb.o)
    0x08001238   0x08001238   0x0000007c   Code   RO         9886    .text               c_w.l(_printf_longlong_dec.o)
    0x080012b4   0x080012b4   0x00000070   Code   RO         9892    .text               c_w.l(_printf_oct_int_ll.o)
    0x08001324   0x08001324   0x00000094   Code   RO         9912    .text               c_w.l(_printf_hex_int_ll_ptr.o)
    0x080013b8   0x080013b8   0x00000188   Code   RO         9932    .text               c_w.l(__printf_flags_ss_wp.o)
    0x08001540   0x08001540   0x00000156   Code   RO         9958    .text               c_w.l(_scanf_longlong.o)
    0x08001696   0x08001696   0x0000014c   Code   RO         9960    .text               c_w.l(_scanf_int.o)
    0x080017e2   0x080017e2   0x000000e0   Code   RO         9962    .text               c_w.l(_scanf_str.o)
    0x080018c2   0x080018c2   0x00000002   PAD
    0x080018c4   0x080018c4   0x0000002c   Code   RO         9964    .text               c_w.l(scanf_char.o)
    0x080018f0   0x080018f0   0x00000040   Code   RO         9966    .text               c_w.l(_sgetc.o)
    0x08001930   0x08001930   0x00000114   Code   RO         9968    .text               c_w.l(_scanf_mbtowc.o)
    0x08001a44   0x08001a44   0x000000e8   Code   RO         9970    .text               c_w.l(_scanf_wctomb.o)
    0x08001b2c   0x08001b2c   0x000000d0   Code   RO         9972    .text               c_w.l(_scanf_wstr.o)
    0x08001bfc   0x08001bfc   0x000001c8   Code   RO         9976    .text               c_w.l(initio_locked.o)
    0x08001dc4   0x08001dc4   0x00000010   Code   RO         9978    .text               c_w.l(locale.o)
    0x08001dd4   0x08001dd4   0x00000012   Code   RO         9990    .text               c_w.l(exit.o)
    0x08001de6   0x08001de6   0x0000002e   Code   RO         9995    .text               c_w.l(aeabi_atexit.o)
    0x08001e14   0x08001e14   0x0000000e   Code   RO         9998    .text               c_w.l(defsig_abrt_outer.o)
    0x08001e22   0x08001e22   0x00000008   Code   RO        10006    .text               c_w.l(memcpy.o)
    0x08001e2a   0x08001e2a   0x00000002   PAD
    0x08001e2c   0x08001e2c   0x00000080   Code   RO        10008    .text               c_w.l(strcmpv7m.o)
    0x08001eac   0x08001eac   0x0000003c   Code   RO        10177    .text               cpprt_w.l(arm_exceptions_mem.o)
    0x08001ee8   0x08001ee8   0x00000066   Code   RO        10197    .text               c_w.l(sys_io.o)
    0x08001f4e   0x08001f4e   0x00000002   Code   RO        10204    .text               c_w.l(use_no_semi.o)
    0x08001f50   0x08001f50   0x00000000   Code   RO        10206    .text               c_w.l(indicate_semi.o)
    0x08001f50   0x08001f50   0x0000000a   Code   RO        10216    .text               c_w.l(rt_locale_twolibspace.o)
    0x08001f5a   0x08001f5a   0x0000000a   Code   RO        10223    .text               c_w.l(rt_ddtor_pointer_addr_twolibspace.o)
    0x08001f64   0x08001f64   0x00000004   Code   RO        10230    .text               c_w.l(rt_errno_addr_twolibspace.o)
    0x08001f68   0x08001f68   0x0000003e   Code   RO        10238    .text               c_w.l(h1_extend_mt.o)
    0x08001fa6   0x08001fa6   0x0000008a   Code   RO        10240    .text               c_w.l(lludiv10.o)
    0x08002030   0x08002030   0x00000012   Code   RO        10242    .text               c_w.l(isspace.o)
    0x08002042   0x08002042   0x000000b2   Code   RO        10250    .text               c_w.l(_printf_intcommon.o)
    0x080020f4   0x080020f4   0x0000041e   Code   RO        10252    .text               c_w.l(_printf_fp_dec.o)
    0x08002512   0x08002512   0x00000002   PAD
    0x08002514   0x08002514   0x000002fc   Code   RO        10254    .text               c_w.l(_printf_fp_hex.o)
    0x08002810   0x08002810   0x0000002c   Code   RO        10259    .text               c_w.l(_printf_char.o)
    0x0800283c   0x0800283c   0x0000002c   Code   RO        10261    .text               c_w.l(_printf_wchar.o)
    0x08002868   0x08002868   0x0000001c   Code   RO        10264    .text               c_w.l(_chval.o)
    0x08002884   0x08002884   0x00000374   Code   RO        10266    .text               c_w.l(_scanf.o)
    0x08002bf8   0x08002bf8   0x000004f8   Code   RO        10268    .text               c_w.l(scanf_fp.o)
    0x080030f0   0x080030f0   0x0000001e   Code   RO        10272    .text               c_w.l(_scanf_wcharmap.o)
    0x0800310e   0x0800310e   0x0000004c   Code   RO        10285    .text               c_w.l(fclose.o)
    0x0800315a   0x0800315a   0x00000068   Code   RO        10291    .text               c_w.l(setvbuf_locked.o)
    0x080031c2   0x080031c2   0x00000002   PAD
    0x080031c4   0x080031c4   0x00000144   Code   RO        10293    .text               c_w.l(fopen_locked.o)
    0x08003308   0x08003308   0x000001b8   Code   RO        10297    .text               c_w.l(locale_r.o)
    0x080034c0   0x080034c0   0x0000003c   Code   RO        10299    .text               c_w.l(_mbrtowc.o)
    0x080034fc   0x080034fc   0x00000040   Code   RO        10301    .text               c_w.l(_wcrtomb.o)
    0x0800353c   0x0800353c   0x00000042   Code   RO        10311    .text               c_w.l(cxa_finalize.o)
    0x0800357e   0x0800357e   0x0000000a   Code   RO        10314    .text               c_w.l(defsig_exit.o)
    0x08003588   0x08003588   0x00000030   Code   RO        10316    .text               c_w.l(defsig_abrt_inner.o)
    0x080035b8   0x080035b8   0x0000000e   Code   RO        10318    .text               c_w.l(defsig_rtred_outer.o)
    0x080035c6   0x080035c6   0x0000000e   Code   RO        10322    .text               c_w.l(defsig_rtmem_outer.o)
    0x080035d4   0x080035d4   0x00000002   Code   RO        10347    .text               cpprt_w.l(arm_rethrow_noexceptions.o)
    0x080035d6   0x080035d6   0x00000022   Code   RO        10353    .text               cpprt_w.l(aeabi_vec_dtor_noexceptions.o)
    0x080035f8   0x080035f8   0x00000010   Code   RO        10369    .text               c_w.l(term_alloc.o)
    0x08003608   0x08003608   0x00000080   Code   RO        10371    .text               c_w.l(_printf_fp_infnan.o)
    0x08003688   0x08003688   0x000000e4   Code   RO        10375    .text               c_w.l(bigflt0.o)
    0x0800376c   0x0800376c   0x000001d6   Code   RO        10400    .text               c_w.l(flsbuf.o)
    0x08003942   0x08003942   0x00000002   PAD
    0x08003944   0x08003944   0x000000f8   Code   RO        10402    .text               c_w.l(fseek.o)
    0x08003a3c   0x08003a3c   0x000000f0   Code   RO        10404    .text               c_w.l(stdio.o)
    0x08003b2c   0x08003b2c   0x00000032   Code   RO        10415    .text               c_w.l(defsig_general.o)
    0x08003b5e   0x08003b5e   0x00000002   PAD
    0x08003b60   0x08003b60   0x00000034   Code   RO        10417    .text               c_w.l(defsig_rtred_inner.o)
    0x08003b94   0x08003b94   0x00000050   Code   RO        10419    .text               c_w.l(defsig_rtmem_inner.o)
    0x08003be4   0x08003be4   0x0000000e   Code   RO        10460    .text               c_w.l(sys_wrch.o)
    0x08003bf2   0x08003bf2   0x0000000a   Code   RO        10464    .text               c_w.l(h1_final_mt.o)
    0x08003bfc   0x08003bfc   0x00000016   Code   RO        10466    .text               c_w.l(_rserrno.o)
    0x08003c12   0x08003c12   0x00000002   PAD
    0x08003c14   0x08003c14   0x00000040   Code   RO        10468    .text               c_w.l(_printf_char_file_locked.o)
    0x08003c54   0x08003c54   0x00000320   Code   RO        10470    .text               c_w.l(scanf_hexfp.o)
    0x08003f74   0x08003f74   0x00000134   Code   RO        10472    .text               c_w.l(scanf_infnan.o)
    0x080040a8   0x080040a8   0x00000042   Code   RO        10476    .text               c_w.l(ftell.o)
    0x080040ea   0x080040ea   0x0000001c   Code   RO        10489    .text               cpprt_w.l(ARM_vec_cleanup_noexceptions.o)
    0x08004106   0x08004106   0x00000026   Code   RO        10502    .text               c_w.l(llshl.o)
    0x0800412c   0x0800412c   0x00000024   Code   RO        10582    .text               c_w.l(init_aeabi.o)
    0x08004150   0x08004150   0x0000003e   Code   RO        10378    CL$$btod_d2e        c_w.l(btod.o)
    0x0800418e   0x0800418e   0x00000046   Code   RO        10380    CL$$btod_d2e_denorm_low  c_w.l(btod.o)
    0x080041d4   0x080041d4   0x00000060   Code   RO        10379    CL$$btod_d2e_norm_op1  c_w.l(btod.o)
    0x08004234   0x08004234   0x00000338   Code   RO        10388    CL$$btod_div_common  c_w.l(btod.o)
    0x0800456c   0x0800456c   0x00000084   Code   RO        10386    CL$$btod_e2d        c_w.l(btod.o)
    0x080045f0   0x080045f0   0x000000dc   Code   RO        10385    CL$$btod_e2e        c_w.l(btod.o)
    0x080046cc   0x080046cc   0x0000002a   Code   RO        10382    CL$$btod_ediv       c_w.l(btod.o)
    0x080046f6   0x080046f6   0x0000002a   Code   RO        10384    CL$$btod_edivd      c_w.l(btod.o)
    0x08004720   0x08004720   0x0000002a   Code   RO        10381    CL$$btod_emul       c_w.l(btod.o)
    0x0800474a   0x0800474a   0x0000002a   Code   RO        10383    CL$$btod_emuld      c_w.l(btod.o)
    0x08004774   0x08004774   0x00000244   Code   RO        10387    CL$$btod_mult_common  c_w.l(btod.o)
    0x080049b8   0x080049b8   0x00000014   Code   RO         9525    i.<Func5>           cpp_ws.l(locale.o)
    0x080049cc   0x080049cc   0x00000004   Code   RO          255    i.BusFault_Handler  stm32f4xx_it.o
    0x080049d0   0x080049d0   0x00000002   Code   RO          256    i.DebugMon_Handler  stm32f4xx_it.o
    0x080049d2   0x080049d2   0x00000002   Code   RO         6100    i.EvrRtxEventFlagsWaitTimeout  rtx_evr.o
    0x080049d4   0x080049d4   0x00000002   Code   RO         6101    i.EvrRtxKernelError  rtx_evr.o
    0x080049d6   0x080049d6   0x00000002   Code   RO         6103    i.EvrRtxKernelGetState  rtx_evr.o
    0x080049d8   0x080049d8   0x00000002   Code   RO         6109    i.EvrRtxKernelInitialize  rtx_evr.o
    0x080049da   0x080049da   0x00000002   Code   RO         6110    i.EvrRtxKernelInitialized  rtx_evr.o
    0x080049dc   0x080049dc   0x00000002   Code   RO         6117    i.EvrRtxKernelStart  rtx_evr.o
    0x080049de   0x080049de   0x00000002   Code   RO         6118    i.EvrRtxKernelStarted  rtx_evr.o
    0x080049e0   0x080049e0   0x00000002   Code   RO         6123    i.EvrRtxMemoryAlloc  rtx_evr.o
    0x080049e2   0x080049e2   0x00000002   Code   RO         6124    i.EvrRtxMemoryBlockAlloc  rtx_evr.o
    0x080049e4   0x080049e4   0x00000002   Code   RO         6125    i.EvrRtxMemoryBlockFree  rtx_evr.o
    0x080049e6   0x080049e6   0x00000002   Code   RO         6126    i.EvrRtxMemoryBlockInit  rtx_evr.o
    0x080049e8   0x080049e8   0x00000002   Code   RO         6127    i.EvrRtxMemoryFree  rtx_evr.o
    0x080049ea   0x080049ea   0x00000002   Code   RO         6128    i.EvrRtxMemoryInit  rtx_evr.o
    0x080049ec   0x080049ec   0x00000002   Code   RO         6132    i.EvrRtxMemoryPoolAllocTimeout  rtx_evr.o
    0x080049ee   0x080049ee   0x00000002   Code   RO         6147    i.EvrRtxMessageQueueCreated  rtx_evr.o
    0x080049f0   0x080049f0   0x00000002   Code   RO         6150    i.EvrRtxMessageQueueError  rtx_evr.o
    0x080049f2   0x080049f2   0x00000002   Code   RO         6151    i.EvrRtxMessageQueueGet  rtx_evr.o
    0x080049f4   0x080049f4   0x00000002   Code   RO         6156    i.EvrRtxMessageQueueGetPending  rtx_evr.o
    0x080049f6   0x080049f6   0x00000002   Code   RO         6158    i.EvrRtxMessageQueueGetTimeout  rtx_evr.o
    0x080049f8   0x080049f8   0x00000002   Code   RO         6159    i.EvrRtxMessageQueueInsertPending  rtx_evr.o
    0x080049fa   0x080049fa   0x00000002   Code   RO         6160    i.EvrRtxMessageQueueInserted  rtx_evr.o
    0x080049fc   0x080049fc   0x00000002   Code   RO         6161    i.EvrRtxMessageQueueNew  rtx_evr.o
    0x080049fe   0x080049fe   0x00000002   Code   RO         6162    i.EvrRtxMessageQueueNotInserted  rtx_evr.o
    0x08004a00   0x08004a00   0x00000002   Code   RO         6163    i.EvrRtxMessageQueueNotRetrieved  rtx_evr.o
    0x08004a02   0x08004a02   0x00000002   Code   RO         6164    i.EvrRtxMessageQueuePut  rtx_evr.o
    0x08004a04   0x08004a04   0x00000002   Code   RO         6165    i.EvrRtxMessageQueuePutPending  rtx_evr.o
    0x08004a06   0x08004a06   0x00000002   Code   RO         6166    i.EvrRtxMessageQueuePutTimeout  rtx_evr.o
    0x08004a08   0x08004a08   0x00000002   Code   RO         6169    i.EvrRtxMessageQueueRetrieved  rtx_evr.o
    0x08004a0a   0x08004a0a   0x00000002   Code   RO         6170    i.EvrRtxMutexAcquire  rtx_evr.o
    0x08004a0c   0x08004a0c   0x00000002   Code   RO         6171    i.EvrRtxMutexAcquirePending  rtx_evr.o
    0x08004a0e   0x08004a0e   0x00000002   Code   RO         6172    i.EvrRtxMutexAcquireTimeout  rtx_evr.o
    0x08004a10   0x08004a10   0x00000002   Code   RO         6173    i.EvrRtxMutexAcquired  rtx_evr.o
    0x08004a12   0x08004a12   0x00000002   Code   RO         6174    i.EvrRtxMutexCreated  rtx_evr.o
    0x08004a14   0x08004a14   0x00000002   Code   RO         6175    i.EvrRtxMutexDelete  rtx_evr.o
    0x08004a16   0x08004a16   0x00000002   Code   RO         6176    i.EvrRtxMutexDestroyed  rtx_evr.o
    0x08004a18   0x08004a18   0x00000002   Code   RO         6177    i.EvrRtxMutexError  rtx_evr.o
    0x08004a1a   0x08004a1a   0x00000002   Code   RO         6180    i.EvrRtxMutexNew    rtx_evr.o
    0x08004a1c   0x08004a1c   0x00000002   Code   RO         6181    i.EvrRtxMutexNotAcquired  rtx_evr.o
    0x08004a1e   0x08004a1e   0x00000002   Code   RO         6182    i.EvrRtxMutexRelease  rtx_evr.o
    0x08004a20   0x08004a20   0x00000002   Code   RO         6183    i.EvrRtxMutexReleased  rtx_evr.o
    0x08004a22   0x08004a22   0x00000002   Code   RO         6186    i.EvrRtxSemaphoreAcquireTimeout  rtx_evr.o
    0x08004a24   0x08004a24   0x00000002   Code   RO         6198    i.EvrRtxThreadBlocked  rtx_evr.o
    0x08004a26   0x08004a26   0x00000002   Code   RO         6199    i.EvrRtxThreadCreated  rtx_evr.o
    0x08004a28   0x08004a28   0x00000002   Code   RO         6200    i.EvrRtxThreadDelay  rtx_evr.o
    0x08004a2a   0x08004a2a   0x00000002   Code   RO         6201    i.EvrRtxThreadDelayCompleted  rtx_evr.o
    0x08004a2c   0x08004a2c   0x00000002   Code   RO         6203    i.EvrRtxThreadDestroyed  rtx_evr.o
    0x08004a2e   0x08004a2e   0x00000002   Code   RO         6207    i.EvrRtxThreadError  rtx_evr.o
    0x08004a30   0x08004a30   0x00000002   Code   RO         6208    i.EvrRtxThreadExit  rtx_evr.o
    0x08004a32   0x08004a32   0x00000002   Code   RO         6215    i.EvrRtxThreadFlagsWaitCompleted  rtx_evr.o
    0x08004a34   0x08004a34   0x00000002   Code   RO         6218    i.EvrRtxThreadFlagsWaitTimeout  rtx_evr.o
    0x08004a36   0x08004a36   0x00000002   Code   RO         6220    i.EvrRtxThreadGetId  rtx_evr.o
    0x08004a38   0x08004a38   0x00000002   Code   RO         6228    i.EvrRtxThreadJoined  rtx_evr.o
    0x08004a3a   0x08004a3a   0x00000002   Code   RO         6229    i.EvrRtxThreadNew   rtx_evr.o
    0x08004a3c   0x08004a3c   0x00000002   Code   RO         6230    i.EvrRtxThreadPreempted  rtx_evr.o
    0x08004a3e   0x08004a3e   0x00000002   Code   RO         6236    i.EvrRtxThreadSwitched  rtx_evr.o
    0x08004a40   0x08004a40   0x00000002   Code   RO         6237    i.EvrRtxThreadTerminate  rtx_evr.o
    0x08004a42   0x08004a42   0x00000002   Code   RO         6238    i.EvrRtxThreadUnblocked  rtx_evr.o
    0x08004a44   0x08004a44   0x00000002   Code   RO         6240    i.EvrRtxTimerCallback  rtx_evr.o
    0x08004a46   0x08004a46   0x00000090   Code   RO         2671    i.GPIO_Init         stm32f4xx_gpio.o
    0x08004ad6   0x08004ad6   0x00000004   Code   RO         2678    i.GPIO_ResetBits    stm32f4xx_gpio.o
    0x08004ada   0x08004ada   0x00000004   Code   RO         2679    i.GPIO_SetBits      stm32f4xx_gpio.o
    0x08004ade   0x08004ade   0x00000004   Code   RO          257    i.HardFault_Handler  stm32f4xx_it.o
    0x08004ae2   0x08004ae2   0x00000018   Code   RO         5855    i.IsIrqMasked       rtx_delay.o
    0x08004afa   0x08004afa   0x00000018   Code   RO         7109    i.IsIrqMasked       rtx_kernel.o
    0x08004b12   0x08004b12   0x00000018   Code   RO         7622    i.IsIrqMasked       rtx_msgqueue.o
    0x08004b2a   0x08004b2a   0x00000018   Code   RO         7800    i.IsIrqMasked       rtx_mutex.o
    0x08004b42   0x08004b42   0x00000018   Code   RO         8084    i.IsIrqMasked       rtx_thread.o
    0x08004b5a   0x08004b5a   0x00000010   Code   RO         5856    i.IsIrqMode         rtx_delay.o
    0x08004b6a   0x08004b6a   0x00000010   Code   RO         7110    i.IsIrqMode         rtx_kernel.o
    0x08004b7a   0x08004b7a   0x00000010   Code   RO         7623    i.IsIrqMode         rtx_msgqueue.o
    0x08004b8a   0x08004b8a   0x00000010   Code   RO         7801    i.IsIrqMode         rtx_mutex.o
    0x08004b9a   0x08004b9a   0x00000010   Code   RO         8085    i.IsIrqMode         rtx_thread.o
    0x08004baa   0x08004baa   0x00000010   Code   RO         7111    i.IsPrivileged      rtx_kernel.o
    0x08004bba   0x08004bba   0x0000000a   Code   RO         7412    i.MemBlockPtr       rtx_memory.o
    0x08004bc4   0x08004bc4   0x00000004   Code   RO          258    i.MemManage_Handler  stm32f4xx_it.o
    0x08004bc8   0x08004bc8   0x00000034   Code   RO         7624    i.MessageQueueGet   rtx_msgqueue.o
    0x08004bfc   0x08004bfc   0x0000004c   Code   RO         7625    i.MessageQueuePut   rtx_msgqueue.o
    0x08004c48   0x08004c48   0x00000022   Code   RO         7626    i.MessageQueueRemove  rtx_msgqueue.o
    0x08004c6a   0x08004c6a   0x00000002   Code   RO          259    i.NMI_Handler       stm32f4xx_it.o
    0x08004c6c   0x08004c6c   0x00000008   Code   RO         8627    i.OS_Tick_AcknowledgeIRQ  os_systick.o
    0x08004c74   0x08004c74   0x00000030   Code   RO         8629    i.OS_Tick_Enable    os_systick.o
    0x08004ca4   0x08004ca4   0x00000006   Code   RO         8632    i.OS_Tick_GetIRQn   os_systick.o
    0x08004caa   0x08004caa   0x00000002   PAD
    0x08004cac   0x08004cac   0x00000050   Code   RO         8635    i.OS_Tick_Setup     os_systick.o
    0x08004cfc   0x08004cfc   0x00000020   Code   RO         3597    i.RCC_AHB1PeriphClockCmd  stm32f4xx_rcc.o
    0x08004d1c   0x08004d1c   0x000000ec   Code   RO         5801    i.SetSysClock       system_stm32f4xx.o
    0x08004e08   0x08004e08   0x000000c0   Code   RO         5802    i.SystemCoreClockUpdate  system_stm32f4xx.o
    0x08004ec8   0x08004ec8   0x00000068   Code   RO         5803    i.SystemInit        system_stm32f4xx.o
    0x08004f30   0x08004f30   0x00000056   Code   RO         8086    i.ThreadFlagsCheck  rtx_thread.o
    0x08004f86   0x08004f86   0x00000002   PAD
    0x08004f88   0x08004f88   0x00000040   Code   RO         8503    i.TimerInsert       rtx_timer.o
    0x08004fc8   0x08004fc8   0x00000018   Code   RO         8505    i.TimerUnlink       rtx_timer.o
    0x08004fe0   0x08004fe0   0x00000004   Code   RO          260    i.UsageFault_Handler  stm32f4xx_it.o
    0x08004fe4   0x08004fe4   0x0000003c   Code   RO            4    i._Z7InitBspv       main.o
    0x08005020   0x08005020   0x00000020   Code   RO        10061    i._Z7catgetsPN4__rw8__rw_catEiiPKc  cpp_ws.l(rwcats.o)
    0x08005040   0x08005040   0x00000022   Code   RO        10062    i._Z7catopenPKci    cpp_ws.l(rwcats.o)
    0x08005062   0x08005062   0x00000002   PAD
    0x08005064   0x08005064   0x00000024   Code   RO            5    i._Z9TaskStartPv    main.o
    0x08005088   0x08005088   0x00000058   Code   RO         8899    i._ZN37_INTERNAL_15_rwstdexcept_cpp_8697b68a4__rw13__rw_vfmatstrEPcjPKcSt9__va_list  cpp_ws.l(rwstdexcept.o)
    0x080050e0   0x080050e0   0x0000014c   Code   RO         8900    i._ZN37_INTERNAL_15_rwstdexcept_cpp_8697b68a4__rw13__rw_vfmatstrEPcjiSt9__va_list  cpp_ws.l(rwstdexcept.o)
    0x0800522c   0x0800522c   0x0000005c   Code   RO         8902    i._ZN4__rw10__rw_throwEiz  cpp_ws.l(rwstdexcept.o)
    0x08005288   0x08005288   0x00000020   Code   RO         8740    i._ZN4__rw13__rw_allocateEji  cpp_ws.l(rwalloc.o)
    0x080052a8   0x080052a8   0x00000004   Code   RO         8741    i._ZN4__rw15__rw_deallocateEPvji  cpp_ws.l(rwalloc.o)
    0x080052ac   0x080052ac   0x00000002   Code   RO         9472    i._ZN4__rw15__rw_facet_base12_C_initfacetERKSt6locale  cpp_ws.l(char.o)
    0x080052ae   0x080052ae   0x00000002   PAD
    0x080052b0   0x080052b0   0x000000ec   Code   RO         9628    i._ZN4__rw15__rw_locale_impC1EPKcjj  cpp_ws.l(locale.o)
    0x0800539c   0x0800539c   0x0000001a   Code   RO         9666    i._ZN4__rw15__rw_locale_impD1Ev  cpp_ws.l(locale.o)
    0x080053b6   0x080053b6   0x0000003a   Code   RO         9526    i._ZN4__rw21__rw_use_c_lib_localeC1EPKci  cpp_ws.l(locale.o)
    0x080053f0   0x080053f0   0x00000018   Code   RO         9442    i._ZN4__rw21__rw_use_c_lib_localeD1Ev  cpp_ws.l(char.o)
    0x08005408   0x08005408   0x00000098   Code   RO        10085    i._ZN4__rw25__rw_throw_exception_noexEiPc  cpp_ws.l(rwthrowproc_impl_noex.o)
    0x080054a0   0x080054a0   0x00000030   Code   RO        10065    i._ZN4__rw9__catfindEPNS_8__rw_catE  cpp_ws.l(rwcats.o)
    0x080054d0   0x080054d0   0x00000076   Code   RO          418    i._ZN6CTheadC1EPFYvPvES0_PK14osThreadAttr_t  thead_1.o
    0x08005546   0x08005546   0x0000004c   Code   RO          420    i._ZN6CTheadD1Ev    thead_1.o
    0x08005592   0x08005592   0x00000004   Code   RO         9022    i._ZNKSt14__rw_exception4whatEv  cpp_ws.l(rwstdexcept.o)
    0x08005596   0x08005596   0x00000072   Code   RO         9703    i._ZNKSt18__rw_messages_base11_C_cat_openERKSsRKSt6locale  cpp_ws.l(messages.o)
    0x08005608   0x08005608   0x00000020   Code   RO         9706    i._ZNKSt18__rw_messages_base13_C_get_localeEi  cpp_ws.l(messages.o)
    0x08005628   0x08005628   0x00000034   Code   RO         9707    i._ZNKSt18__rw_messages_base14_C_get_messageEiii  cpp_ws.l(messages.o)
    0x0800565c   0x0800565c   0x0000000e   Code   RO         9412    i._ZNKSt5ctypeIcE2isENSt10ctype_base4maskEc  cpp_ws.l(char.o)
    0x0800566a   0x0800566a   0x00000002   PAD
    0x0800566c   0x0800566c   0x00000108   Code   RO         9531    i._ZNKSt6locale13_C_make_facetERKNS_2idEbiPFPN4__rw15__rw_facet_baseEiPKcjE  cpp_ws.l(locale.o)
    0x08005774   0x08005774   0x00000074   Code   RO         9533    i._ZNKSt6locale16_C_install_facetEPN4__rw15__rw_facet_baseERKNS_2idE  cpp_ws.l(locale.o)
    0x080057e8   0x080057e8   0x00000030   Code   RO         9534    i._ZNKSt6locale4nameEv  cpp_ws.l(locale.o)
    0x08005818   0x08005818   0x0000000c   Code   RO         9387    i._ZNSt11char_traitsIcE4copyEPcPKcj  cpp_ws.l(char.o)
    0x08005824   0x08005824   0x000000cc   Code   RO         9273    i._ZNSt12ctype_bynameIcE17_C_get_mask_tableEPKc  cpp_ws.l(char.o)
    0x080058f0   0x080058f0   0x00000120   Code   RO         9275    i._ZNSt12ctype_bynameIcEC1EPKcj  cpp_ws.l(char.o)
    0x08005a10   0x08005a10   0x0000000e   Code   RO         9519    i._ZNSt12ctype_bynameIcED0Ev  cpp_ws.l(char.o)
    0x08005a1e   0x08005a1e   0x00000008   Code   RO         9516    i._ZNSt12ctype_bynameIcED1Ev  cpp_ws.l(char.o)
    0x08005a26   0x08005a26   0x00000002   PAD
    0x08005a28   0x08005a28   0x00000084   Code   RO         8905    i._ZNSt14__rw_exception10_C_vformatEiSt9__va_list  cpp_ws.l(rwstdexcept.o)
    0x08005aac   0x08005aac   0x00000014   Code   RO         8972    i._ZNSt14__rw_exceptionC1Ev  cpp_ws.l(rwstdexcept.o)
    0x08005ac0   0x08005ac0   0x0000001c   Code   RO         9016    i._ZNSt14__rw_exceptionD1Ev  cpp_ws.l(rwstdexcept.o)
    0x08005adc   0x08005adc   0x00000008   Code   RO         8969    i._ZNSt18__rw_messages_baseD1Ev  cpp_ws.l(rwstdexcept.o)
    0x08005ae4   0x08005ae4   0x0000001a   Code   RO         9743    i._ZNSt18__rw_open_cat_dataC1Ev  cpp_ws.l(messages.o)
    0x08005afe   0x08005afe   0x0000000c   Code   RO         9740    i._ZNSt18__rw_open_cat_dataD1Ev  cpp_ws.l(messages.o)
    0x08005b0a   0x08005b0a   0x00000012   Code   RO         9746    i._ZNSt18__rw_open_cat_dataaSERKS_  cpp_ws.l(messages.o)
    0x08005b1c   0x08005b1c   0x000000fa   Code   RO         9277    i._ZNSt5ctypeIcE12_C_initfacetERKSt6locale  cpp_ws.l(char.o)
    0x08005c16   0x08005c16   0x00000002   PAD
    0x08005c18   0x08005c18   0x00000118   Code   RO         9279    i._ZNSt5ctypeIcEC1EPKNSt10ctype_base4maskEbj  cpp_ws.l(char.o)
    0x08005d30   0x08005d30   0x0000000e   Code   RO         9415    i._ZNSt5ctypeIcED0Ev  cpp_ws.l(char.o)
    0x08005d3e   0x08005d3e   0x00000002   PAD
    0x08005d40   0x08005d40   0x0000002c   Code   RO         9344    i._ZNSt5ctypeIcED1Ev  cpp_ws.l(char.o)
    0x08005d6c   0x08005d6c   0x0000000e   Code   RO         9013    i._ZNSt6locale5facetD0Ev  cpp_ws.l(rwstdexcept.o)
    0x08005d7a   0x08005d7a   0x00000002   PAD
    0x08005d7c   0x08005d7c   0x00000084   Code   RO         9537    i._ZNSt6locale7_C_initEv  cpp_ws.l(locale.o)
    0x08005e00   0x08005e00   0x00000044   Code   RO         9539    i._ZNSt6locale7classicEv  cpp_ws.l(locale.o)
    0x08005e44   0x08005e44   0x00000020   Code   RO         9669    i._ZNSt6localeC1EPN4__rw15__rw_locale_impE  cpp_ws.l(locale.o)
    0x08005e64   0x08005e64   0x0000000c   Code   RO         9749    i._ZNSt6localeC1ERKS_  cpp_ws.l(messages.o)
    0x08005e70   0x08005e70   0x00000020   Code   RO         8965    i._ZNSt6localeC1Ev  cpp_ws.l(rwstdexcept.o)
    0x08005e90   0x08005e90   0x00000020   Code   RO         9644    i._ZNSt6localeD1Ev  cpp_ws.l(locale.o)
    0x08005eb0   0x08005eb0   0x00000032   Code   RO         9547    i._ZNSt6localeaSERKS_  cpp_ws.l(locale.o)
    0x08005ee2   0x08005ee2   0x0000000e   Code   RO         8987    i._ZNSt8messagesIcED0Ev  cpp_ws.l(rwstdexcept.o)
    0x08005ef0   0x08005ef0   0x00000010   Code   RO         8956    i._ZNSt8messagesIcED1Ev  cpp_ws.l(rwstdexcept.o)
    0x08005f00   0x08005f00   0x0000000c   Code   RO         9775    i._ZNSt9exceptionC1Ev  cpprt_w.l(exception_ctor.o)
    0x08005f0c   0x08005f0c   0x0000003c   Code   RO         9724    i._ZSt13__rw_get_catsv  cpp_ws.l(messages.o)
    0x08005f48   0x08005f48   0x00000008   Code   RO         9755    i._ZdaPv            cpprt_w.l(array_del.o)
    0x08005f50   0x08005f50   0x00000008   Code   RO         9025    i._ZdlPv            cpprt_w.l(delete.o)
    0x08005f58   0x08005f58   0x00000008   Code   RO         9758    i._Znaj             cpprt_w.l(array_new.o)
    0x08005f60   0x08005f60   0x00000028   Code   RO         9028    i._Znwj             cpprt_w.l(new.o)
    0x08005f88   0x08005f88   0x00000092   Code   RO        10427    i.__ARM_array_new_general  cpprt_w.l(array_new_general.o)
    0x0800601a   0x0800601a   0x00000030   Code   RO        10450    i.__ARM_fpclassify  m_wm.l(fpclassify.o)
    0x0800604a   0x0800604a   0x00000010   Code   RO        10171    i.__aeabi_vec_dtor_cookie  cpprt_w.l(aeabi_vec_dtor_cookie.o)
    0x0800605a   0x0800605a   0x00000014   Code   RO        10168    i.__aeabi_vec_new_cookie  cpprt_w.l(aeabi_vec_new_cookie.o)
    0x0800606e   0x0800606e   0x00000010   Code   RO        10156    i.__cxa_guard_acquire  cpprt_w.l(cxa_guard_acquire.o)
    0x0800607e   0x0800607e   0x00000002   PAD
    0x08006080   0x08006080   0x00000018   Code   RO        10350    i.__cxa_vec_new     cpprt_w.l(cxa_vec_new.o)
    0x08006098   0x08006098   0x000000f8   Code   RO        10452    i.__hardfp___mathlib_tofloat  m_wm.l(narrow.o)
    0x08006190   0x08006190   0x000000d0   Code   RO        10528    i.__hardfp_ldexp    m_wm.l(ldexp.o)
    0x08006260   0x08006260   0x00000020   Code   RO        10552    i.__mathlib_dbl_overflow  m_wm.l(dunder.o)
    0x08006280   0x08006280   0x00000020   Code   RO        10554    i.__mathlib_dbl_underflow  m_wm.l(dunder.o)
    0x080062a0   0x080062a0   0x00000012   Code   RO        10453    i.__mathlib_narrow  m_wm.l(narrow.o)
    0x080062b2   0x080062b2   0x00000002   PAD
    0x080062b4   0x080062b4   0x00000010   Code   RO         9548    i.__sti___10_locale_cpp_ff99fc7b  cpp_ws.l(locale.o)
    0x080062c4   0x080062c4   0x00000038   Code   RO        10066    i.__sti___10_rwcats_cpp_64e8068e  cpp_ws.l(rwcats.o)
    0x080062fc   0x080062fc   0x00000010   Code   RO         9281    i.__sti___8_char_cpp_a3dc957a  cpp_ws.l(char.o)
    0x0800630c   0x0800630c   0x00000014   Code   RO        10530    i.__support_ldexp   m_wm.l(ldexp.o)
    0x08006320   0x08006320   0x00000058   Code   RO         7327    i.__user_perthread_libspace  rtx_lib.o
    0x08006378   0x08006378   0x0000000e   Code   RO         9925    i._is_digit         c_w.l(__printf_wp.o)
    0x08006386   0x08006386   0x00000016   Code   RO         7328    i._mutex_acquire    rtx_lib.o
    0x0800639c   0x0800639c   0x0000000c   Code   RO         7329    i._mutex_free       rtx_lib.o
    0x080063a8   0x080063a8   0x00000022   Code   RO         7330    i._mutex_initialize  rtx_lib.o
    0x080063ca   0x080063ca   0x00000012   Code   RO         7331    i._mutex_release    rtx_lib.o
    0x080063dc   0x080063dc   0x00000008   Code   RO         7332    i._platform_post_stackheap_init  rtx_lib.o
    0x080063e4   0x080063e4   0x0000001a   Code   RO        10277    i.fputc             c_w.l(fputc.o)
    0x080063fe   0x080063fe   0x00000002   PAD
    0x08006400   0x08006400   0x0000008c   Code   RO        10498    i.frexp             m_wm.l(frexp.o)
    0x0800648c   0x0800648c   0x00000082   Code   RO         7627    i.isrRtxMessageQueueGet  rtx_msgqueue.o
    0x0800650e   0x0800650e   0x00000086   Code   RO         7628    i.isrRtxMessageQueuePut  rtx_msgqueue.o
    0x08006594   0x08006594   0x00000034   Code   RO         8028    i.isr_queue_get     rtx_system.o
    0x080065c8   0x080065c8   0x0000003c   Code   RO         8029    i.isr_queue_put     rtx_system.o
    0x08006604   0x08006604   0x00000038   Code   RO            6    i.main              main.o
    0x0800663c   0x0800663c   0x0000003c   Code   RO         5857    i.osDelay           rtx_delay.o
    0x08006678   0x08006678   0x00000030   Code   RO         7115    i.osKernelGetState  rtx_kernel.o
    0x080066a8   0x080066a8   0x00000038   Code   RO         7120    i.osKernelInitialize  rtx_kernel.o
    0x080066e0   0x080066e0   0x00000034   Code   RO         7124    i.osKernelStart     rtx_kernel.o
    0x08006714   0x08006714   0x00000054   Code   RO         7630    i.osMessageQueueGet  rtx_msgqueue.o
    0x08006768   0x08006768   0x0000004c   Code   RO         7636    i.osMessageQueueNew  rtx_msgqueue.o
    0x080067b4   0x080067b4   0x00000054   Code   RO         7637    i.osMessageQueuePut  rtx_msgqueue.o
    0x08006808   0x08006808   0x00000044   Code   RO         7802    i.osMutexAcquire    rtx_mutex.o
    0x0800684c   0x0800684c   0x0000003c   Code   RO         7803    i.osMutexDelete     rtx_mutex.o
    0x08006888   0x08006888   0x0000003c   Code   RO         7806    i.osMutexNew        rtx_mutex.o
    0x080068c4   0x080068c4   0x0000003c   Code   RO         7807    i.osMutexRelease    rtx_mutex.o
    0x08006900   0x08006900   0x00000020   Code   RO         8701    i.osRtxErrorNotify  rtx_config.o
    0x08006920   0x08006920   0x00000004   Code   RO         8702    i.osRtxIdleThread   rtx_config.o
    0x08006924   0x08006924   0x0000000c   Code   RO         8090    i.osRtxKernelGetState  rtx_thread.o
    0x08006930   0x08006930   0x00000002   Code   RO         7333    i.osRtxKernelPreInit  rtx_lib.o
    0x08006932   0x08006932   0x000000ee   Code   RO         7413    i.osRtxMemoryAlloc  rtx_memory.o
    0x08006a20   0x08006a20   0x0000007c   Code   RO         7414    i.osRtxMemoryFree   rtx_memory.o
    0x08006a9c   0x08006a9c   0x0000006a   Code   RO         7415    i.osRtxMemoryInit   rtx_memory.o
    0x08006b06   0x08006b06   0x00000030   Code   RO         7472    i.osRtxMemoryPoolAlloc  rtx_mempool.o
    0x08006b36   0x08006b36   0x00000044   Code   RO         7473    i.osRtxMemoryPoolFree  rtx_mempool.o
    0x08006b7a   0x08006b7a   0x00000058   Code   RO         7474    i.osRtxMemoryPoolInit  rtx_mempool.o
    0x08006bd2   0x08006bd2   0x00000110   Code   RO         7639    i.osRtxMessageQueuePostProcess  rtx_msgqueue.o
    0x08006ce2   0x08006ce2   0x0000005e   Code   RO         7808    i.osRtxMutexOwnerRelease  rtx_mutex.o
    0x08006d40   0x08006d40   0x00000084   Code   RO         8030    i.osRtxPendSV_Handler  rtx_system.o
    0x08006dc4   0x08006dc4   0x0000003c   Code   RO         8031    i.osRtxPostProcess  rtx_system.o
    0x08006e00   0x08006e00   0x00000040   Code   RO         8091    i.osRtxThreadBlock  rtx_thread.o
    0x08006e40   0x08006e40   0x00000068   Code   RO         8092    i.osRtxThreadDelayInsert  rtx_thread.o
    0x08006ea8   0x08006ea8   0x00000074   Code   RO         8093    i.osRtxThreadDelayRemove  rtx_thread.o
    0x08006f1c   0x08006f1c   0x000000dc   Code   RO         8094    i.osRtxThreadDelayTick  rtx_thread.o
    0x08006ff8   0x08006ff8   0x00000070   Code   RO         8095    i.osRtxThreadDispatch  rtx_thread.o
    0x08007068   0x08007068   0x00000064   Code   RO         8096    i.osRtxThreadFree   rtx_thread.o
    0x080070cc   0x080070cc   0x0000000c   Code   RO         8097    i.osRtxThreadGetRunning  rtx_thread.o
    0x080070d8   0x080070d8   0x0000001c   Code   RO         8098    i.osRtxThreadListGet  rtx_thread.o
    0x080070f4   0x080070f4   0x00000032   Code   RO         8099    i.osRtxThreadListPut  rtx_thread.o
    0x08007126   0x08007126   0x0000001a   Code   RO         8100    i.osRtxThreadListRemove  rtx_thread.o
    0x08007140   0x08007140   0x00000012   Code   RO         8101    i.osRtxThreadListRoot  rtx_thread.o
    0x08007152   0x08007152   0x0000002a   Code   RO         8102    i.osRtxThreadListSort  rtx_thread.o
    0x0800717c   0x0800717c   0x00000032   Code   RO         8104    i.osRtxThreadPostProcess  rtx_thread.o
    0x080071ae   0x080071ae   0x00000002   PAD
    0x080071b0   0x080071b0   0x00000018   Code   RO         8105    i.osRtxThreadReadyPut  rtx_thread.o
    0x080071c8   0x080071c8   0x00000018   Code   RO         8106    i.osRtxThreadRegPtr  rtx_thread.o
    0x080071e0   0x080071e0   0x0000000c   Code   RO         8107    i.osRtxThreadSetRunning  rtx_thread.o
    0x080071ec   0x080071ec   0x0000002c   Code   RO         8108    i.osRtxThreadStackCheck  rtx_thread.o
    0x08007218   0x08007218   0x00000060   Code   RO         8109    i.osRtxThreadStartup  rtx_thread.o
    0x08007278   0x08007278   0x0000001c   Code   RO         8110    i.osRtxThreadSwitch  rtx_thread.o
    0x08007294   0x08007294   0x00000054   Code   RO         8111    i.osRtxThreadWaitEnter  rtx_thread.o
    0x080072e8   0x080072e8   0x00000036   Code   RO         8112    i.osRtxThreadWaitExit  rtx_thread.o
    0x0800731e   0x0800731e   0x00000002   PAD
    0x08007320   0x08007320   0x000000a0   Code   RO         8032    i.osRtxTick_Handler  rtx_system.o
    0x080073c0   0x080073c0   0x00000058   Code   RO         8506    i.osRtxTimerThread  rtx_timer.o
    0x08007418   0x08007418   0x0000005c   Code   RO         8507    i.osRtxTimerTick    rtx_timer.o
    0x08007474   0x08007474   0x00000020   Code   RO         8115    i.osThreadExit      rtx_thread.o
    0x08007494   0x08007494   0x0000002c   Code   RO         8121    i.osThreadGetId     rtx_thread.o
    0x080074c0   0x080074c0   0x0000004c   Code   RO         8128    i.osThreadNew       rtx_thread.o
    0x0800750c   0x0800750c   0x0000003c   Code   RO         8132    i.osThreadTerminate  rtx_thread.o
    0x08007548   0x08007548   0x00000020   Code   RO         7334    i.os_kernel_is_active  rtx_lib.o
    0x08007568   0x08007568   0x00000018   Code   RO         5859    i.svcRtxDelay       rtx_delay.o
    0x08007580   0x08007580   0x00000018   Code   RO         7129    i.svcRtxKernelGetState  rtx_kernel.o
    0x08007598   0x08007598   0x00000264   Code   RO         7134    i.svcRtxKernelInitialize  rtx_kernel.o
    0x080077fc   0x080077fc   0x000000e8   Code   RO         7138    i.svcRtxKernelStart  rtx_kernel.o
    0x080078e4   0x080078e4   0x00000140   Code   RO         7641    i.svcRtxMessageQueueGet  rtx_msgqueue.o
    0x08007a24   0x08007a24   0x00000194   Code   RO         7647    i.svcRtxMessageQueueNew  rtx_msgqueue.o
    0x08007bb8   0x08007bb8   0x00000128   Code   RO         7648    i.svcRtxMessageQueuePut  rtx_msgqueue.o
    0x08007ce0   0x08007ce0   0x0000010c   Code   RO         7809    i.svcRtxMutexAcquire  rtx_mutex.o
    0x08007dec   0x08007dec   0x000000ec   Code   RO         7810    i.svcRtxMutexDelete  rtx_mutex.o
    0x08007ed8   0x08007ed8   0x000000ac   Code   RO         7813    i.svcRtxMutexNew    rtx_mutex.o
    0x08007f84   0x08007f84   0x00000108   Code   RO         7814    i.svcRtxMutexRelease  rtx_mutex.o
    0x0800808c   0x0800808c   0x00000094   Code   RO         8136    i.svcRtxThreadExit  rtx_thread.o
    0x08008120   0x08008120   0x00000012   Code   RO         8142    i.svcRtxThreadGetId  rtx_thread.o
    0x08008132   0x08008132   0x00000002   PAD
    0x08008134   0x08008134   0x00000278   Code   RO         8149    i.svcRtxThreadNew   rtx_thread.o
    0x080083ac   0x080083ac   0x00000114   Code   RO         8153    i.svcRtxThreadTerminate  rtx_thread.o
    0x080084c0   0x080084c0   0x0000002c   Code   RO        10304    locale$$code        c_w.l(lc_ctype_c.o)
    0x080084ec   0x080084ec   0x0000002c   Code   RO        10411    locale$$code        c_w.l(lc_numeric_c.o)
    0x08008518   0x08008518   0x00000014   Code   RO         9396    t._ZN4__rw12__string_refIcSt11char_traitsIcESaIcEE10_C_inc_refEv  cpp_ws.l(char.o)
    0x0800852c   0x0800852c   0x00000006   Code   RO          565    t._ZN4__rw14__rw_tree_iterISt4pairIKPvP6CTheadEiPS6_RS6_NS_17__rw_rb_tree_nodeISaIS6_ES6_S2_NS_11__select1stIS6_S2_EEEEEC1ERKSE_  thead_1.o
    0x08008532   0x08008532   0x00000084   Code   RO          469    t._ZN4__rw14__rw_tree_iterISt4pairIKPvP6CTheadEiPS6_RS6_NS_17__rw_rb_tree_nodeISaIS6_ES6_S2_NS_11__select1stIS6_S2_EEEEEmmEv  thead_1.o
    0x080085b6   0x080085b6   0x00000068   Code   RO          493    t._ZN4__rw14__rw_tree_iterISt4pairIKPvP6CTheadEiPS6_RS6_NS_17__rw_rb_tree_nodeISaIS6_ES6_S2_NS_11__select1stIS6_S2_EEEEEppEv  thead_1.o
    0x0800861e   0x0800861e   0x00000046   Code   RO         8978    t._ZN4__rw16__rw_facet_makerISt5ctypeIcEE13_C_maker_funcEiPKcj  cpp_ws.l(rwstdexcept.o)
    0x08008664   0x08008664   0x0000001e   Code   RO          439    t._ZN4__rw17__rw_new_capacityINS_9__rb_treeIPvSt4pairIKS2_P6CTheadENS_11__select1stIS7_S2_EESt4lessIS2_ESaIS7_EEEEEjjPKT_  thead_1.o
    0x08008682   0x08008682   0x0000000a   Code   RO          583    t._ZN4__rw17__rw_rb_tree_nodeISaISt4pairIKPvP6CTheadEES6_S2_NS_11__select1stIS6_S2_EEE6_C_keyEv  thead_1.o
    0x0800868c   0x0800868c   0x00000008   Code   RO          529    t._ZN4__rw17__rw_rb_tree_nodeISaISt4pairIKPvP6CTheadEES6_S2_NS_11__select1stIS6_S2_EEE7_C_leftEv  thead_1.o
    0x08008694   0x08008694   0x00000008   Code   RO          517    t._ZN4__rw17__rw_rb_tree_nodeISaISt4pairIKPvP6CTheadEES6_S2_NS_11__select1stIS6_S2_EEE8_C_rightEv  thead_1.o
    0x0800869c   0x0800869c   0x00000006   Code   RO          541    t._ZN4__rw17__rw_rb_tree_nodeISaISt4pairIKPvP6CTheadEES6_S2_NS_11__select1stIS6_S2_EEE9_C_parentEv  thead_1.o
    0x080086a2   0x080086a2   0x00000056   Code   RO         9647    t._ZN4__rw18__rw_locale_vectorIPNS_15__rw_facet_baseEE6resizeEjRKS2_  cpp_ws.l(locale.o)
    0x080086f8   0x080086f8   0x0000000e   Code   RO         9659    t._ZN4__rw18__rw_locale_vectorIPNS_15__rw_facet_baseEED1Ev  cpp_ws.l(locale.o)
    0x08008706   0x08008706   0x0000000e   Code   RO        10082    t._ZN4__rw18__rw_locale_vectorIPNS_8__rw_catEED1Ev  cpp_ws.l(rwcats.o)
    0x08008714   0x08008714   0x00000014   Code   RO         9662    t._ZN4__rw18__rw_locale_vectorISsED1Ev  cpp_ws.l(locale.o)
    0x08008728   0x08008728   0x00000088   Code   RO         9730    t._ZN4__rw18__rw_locale_vectorISt18__rw_open_cat_dataE6resizeEj  cpp_ws.l(messages.o)
    0x080087b0   0x080087b0   0x00000014   Code   RO         9736    t._ZN4__rw18__rw_locale_vectorISt18__rw_open_cat_dataED1Ev  cpp_ws.l(messages.o)
    0x080087c4   0x080087c4   0x00000044   Code   RO          445    t._ZN4__rw9__rb_treeIPvSt4pairIKS1_P6CTheadENS_11__select1stIS6_S1_EESt4lessIS1_ESaIS6_EE11_C_get_linkEv  thead_1.o
    0x08008808   0x08008808   0x00000020   Code   RO          487    t._ZN4__rw9__rb_treeIPvSt4pairIKS1_P6CTheadENS_11__select1stIS6_S1_EESt4lessIS1_ESaIS6_EE11_C_put_nodeEPNS_17__rw_rb_tree_nodeISB_S6_S1_S8_EEb  thead_1.o
    0x08008828   0x08008828   0x0000000a   Code   RO          577    t._ZN4__rw9__rb_treeIPvSt4pairIKS1_P6CTheadENS_11__select1stIS6_S1_EESt4lessIS1_ESaIS6_EE12_C_make_iterEPNS_17__rw_rb_tree_nodeISB_S6_S1_S8_EE  thead_1.o
    0x08008832   0x08008832   0x0000007c   Code   RO          613    t._ZN4__rw9__rb_treeIPvSt4pairIKS1_P6CTheadENS_11__select1stIS6_S1_EESt4lessIS1_ESaIS6_EE13_C_erase_leafEPNS_17__rw_rb_tree_nodeISB_S6_S1_S8_EE  thead_1.o
    0x080088ae   0x080088ae   0x000000aa   Code   RO          451    t._ZN4__rw9__rb_treeIPvSt4pairIKS1_P6CTheadENS_11__select1stIS6_S1_EESt4lessIS1_ESaIS6_EE13__rotate_leftEPNS_17__rw_rb_tree_nodeISB_S6_S1_S8_EE  thead_1.o
    0x08008958   0x08008958   0x000000aa   Code   RO          457    t._ZN4__rw9__rb_treeIPvSt4pairIKS1_P6CTheadENS_11__select1stIS6_S1_EESt4lessIS1_ESaIS6_EE14__rotate_rightEPNS_17__rw_rb_tree_nodeISB_S6_S1_S8_EE  thead_1.o
    0x08008a02   0x08008a02   0x0000006c   Code   RO          553    t._ZN4__rw9__rb_treeIPvSt4pairIKS1_P6CTheadENS_11__select1stIS6_S1_EESt4lessIS1_ESaIS6_EE17_C_add_new_bufferEv  thead_1.o
    0x08008a6e   0x08008a6e   0x00000046   Code   RO          481    t._ZN4__rw9__rb_treeIPvSt4pairIKS1_P6CTheadENS_11__select1stIS6_S1_EESt4lessIS1_ESaIS6_EE21_C_deallocate_buffersEv  thead_1.o
    0x08008ab4   0x08008ab4   0x00000012   Code   RO          607    t._ZN4__rw9__rb_treeIPvSt4pairIKS1_P6CTheadENS_11__select1stIS6_S1_EESt4lessIS1_ESaIS6_EE3endEv  thead_1.o
    0x08008ac6   0x08008ac6   0x0000001a   Code   RO          595    t._ZN4__rw9__rb_treeIPvSt4pairIKS1_P6CTheadENS_11__select1stIS6_S1_EESt4lessIS1_ESaIS6_EE5beginEv  thead_1.o
    0x08008ae0   0x08008ae0   0x00000612   Code   RO          499    t._ZN4__rw9__rb_treeIPvSt4pairIKS1_P6CTheadENS_11__select1stIS6_S1_EESt4lessIS1_ESaIS6_EE5eraseENS_14__rw_tree_iterIS6_iPS6_RS6_NS_17__rw_rb_tree_nodeISB_S6_S1_S8_EEEE  thead_1.o
    0x080090f2   0x080090f2   0x000000c8   Code   RO          511    t._ZN4__rw9__rb_treeIPvSt4pairIKS1_P6CTheadENS_11__select1stIS6_S1_EESt4lessIS1_ESaIS6_EE5eraseENS_14__rw_tree_iterIS6_iPS6_RS6_NS_17__rw_rb_tree_nodeISB_S6_S1_S8_EEEESI_  thead_1.o
    0x080091ba   0x080091ba   0x0000011a   Code   RO          475    t._ZN4__rw9__rb_treeIPvSt4pairIKS1_P6CTheadENS_11__select1stIS6_S1_EESt4lessIS1_ESaIS6_EE6insertERKS6_  thead_1.o
    0x080092d4   0x080092d4   0x00000038   Code   RO          505    t._ZN4__rw9__rb_treeIPvSt4pairIKS1_P6CTheadENS_11__select1stIS6_S1_EESt4lessIS1_ESaIS6_EE8_C_eraseEPNS_17__rw_rb_tree_nodeISB_S6_S1_S8_EE  thead_1.o
    0x0800930c   0x0800930c   0x000002f8   Code   RO          463    t._ZN4__rw9__rb_treeIPvSt4pairIKS1_P6CTheadENS_11__select1stIS6_S1_EESt4lessIS1_ESaIS6_EE9_C_insertEPNS_17__rw_rb_tree_nodeISB_S6_S1_S8_EESF_RKS6_  thead_1.o
    0x08009604   0x08009604   0x0000005c   Code   RO          619    t._ZN4__rw9__rb_treeIPvSt4pairIKS1_P6CTheadENS_11__select1stIS6_S1_EESt4lessIS1_ESaIS6_EEC1ERKSA_bRKSB_  thead_1.o
    0x08009660   0x08009660   0x00000012   Code   RO          601    t._ZN4__rweqISt4pairIKPvP6CTheadEiPS6_RS6_S7_S8_NS_17__rw_rb_tree_nodeISaIS6_ES6_S2_NS_11__select1stIS6_S2_EEEEEEbRKNS_14__rw_tree_iterIT_T0_T1_T2_T5_EERKNSE_ISF_SG_T3_T4_SJ_EE  thead_1.o
    0x08009672   0x08009672   0x0000000c   Code   RO          535    t._ZNK4__rw9__rb_treeIPvSt4pairIKS1_P6CTheadENS_11__select1stIS6_S1_EESt4lessIS1_ESaIS6_EE11_C_leftmostEv  thead_1.o
    0x0800967e   0x0800967e   0x0000000c   Code   RO          523    t._ZNK4__rw9__rb_treeIPvSt4pairIKS1_P6CTheadENS_11__select1stIS6_S1_EESt4lessIS1_ESaIS6_EE12_C_rightmostEv  thead_1.o
    0x0800968a   0x0800968a   0x0000000c   Code   RO          547    t._ZNK4__rw9__rb_treeIPvSt4pairIKS1_P6CTheadENS_11__select1stIS6_S1_EESt4lessIS1_ESaIS6_EE7_C_rootEv  thead_1.o
    0x08009696   0x08009696   0x00000014   Code   RO          589    t._ZNKSt4lessIPvEclERKS0_S3_  thead_1.o
    0x080096aa   0x080096aa   0x00000002   PAD
    0x080096ac   0x080096ac   0x00000090   Code   RO         8950    t._ZNKSt8messagesIcE6do_getEiiiRKSs  cpp_ws.l(rwstdexcept.o)
    0x0800973c   0x0800973c   0x00000006   Code   RO         8975    t._ZNKSt8messagesIcE7do_openERKSsRKSt6locale  cpp_ws.l(rwstdexcept.o)
    0x08009742   0x08009742   0x00000032   Code   RO         9616    t._ZNSs11_C_allocateEjjj  cpp_ws.l(locale.o)
    0x08009774   0x08009774   0x00000018   Code   RO         9656    t._ZNSs7replaceEjjPKcj  cpp_ws.l(locale.o)
    0x0800978c   0x0800978c   0x00000168   Code   RO         9334    t._ZNSs7replaceEjjPKcjjj  cpp_ws.l(char.o)
    0x080098f4   0x080098f4   0x00000074   Code   RO         9322    t._ZNSs9_C_getRepEjj  cpp_ws.l(char.o)
    0x08009968   0x08009968   0x00000048   Code   RO         9331    t._ZNSs9_C_unlinkEv  cpp_ws.l(char.o)
    0x080099b0   0x080099b0   0x00000038   Code   RO         9619    t._ZNSsC1EPKcRKSaIcE  cpp_ws.l(locale.o)
    0x080099e8   0x080099e8   0x00000010   Code   RO         9653    t._ZNSsC1ERKSaIcE   cpp_ws.l(locale.o)
    0x080099f8   0x080099f8   0x0000003e   Code   RO         9325    t._ZNSsC1ERKSs      cpp_ws.l(char.o)
    0x08009a36   0x08009a36   0x0000000c   Code   RO         9405    t._ZNSsD1Ev         cpp_ws.l(char.o)
    0x08009a42   0x08009a42   0x00000002   PAD
    0x08009a44   0x08009a44   0x0000004c   Code   RO         9625    t._ZNSsaSEPKc       cpp_ws.l(locale.o)
    0x08009a90   0x08009a90   0x0000003e   Code   RO         9622    t._ZNSsaSERKSs      cpp_ws.l(locale.o)
    0x08009ace   0x08009ace   0x0000001a   Code   RO          559    t._ZNSt3mapIPvP6CTheadSt4lessIS0_ESaISt4pairIKS0_S2_EEEC1ERKS4_RKS8_  thead_1.o
    0x08009ae8   0x08009ae8   0x0000001a   Code   RO          571    t._ZNSt4pairIN4__rw14__rw_tree_iterIS_IKPvP6CTheadEiPS6_RS6_NS0_17__rw_rb_tree_nodeISaIS6_ES6_S2_NS0_11__select1stIS6_S2_EEEEEEbEC1ERKSE_RKb  thead_1.o
    0x08009b02   0x08009b02   0x0000000c   Code   RO         9399    t._ZSt3maxIjERKT_S2_S2_  cpp_ws.l(char.o)
    0x08009b0e   0x08009b0e   0x00000002   PAD
    0x08009b10   0x08009b10   0x00000062   Code   RO        10492    x$fpl$d2f           fz_wm.l(d2f.o)
    0x08009b72   0x08009b72   0x00000002   PAD
    0x08009b74   0x08009b74   0x00000010   Code   RO        10569    x$fpl$dcheck1       fz_wm.l(dcheck1.o)
    0x08009b84   0x08009b84   0x00000018   Code   RO        10433    x$fpl$dcmpinf       fz_wm.l(dcmpi.o)
    0x08009b9c   0x08009b9c   0x00000078   Code   RO        10356    x$fpl$deqf          fz_wm.l(deqf.o)
    0x08009c14   0x08009c14   0x00000078   Code   RO        10358    x$fpl$dleqf         fz_wm.l(dleqf.o)
    0x08009c8c   0x08009c8c   0x00000154   Code   RO        10524    x$fpl$dmul          fz_wm.l(dmul.o)
    0x08009de0   0x08009de0   0x0000009c   Code   RO        10435    x$fpl$dnaninf       fz_wm.l(dnaninf.o)
    0x08009e7c   0x08009e7c   0x0000000c   Code   RO        10544    x$fpl$dretinf       fz_wm.l(dretinf.o)
    0x08009e88   0x08009e88   0x0000006c   Code   RO        10494    x$fpl$drleqf        fz_wm.l(drleqf.o)
    0x08009ef4   0x08009ef4   0x0000000a   Code   RO        10360    x$fpl$fpinit        fz_wm.l(fpinit.o)
    0x08009efe   0x08009efe   0x0000000a   Code   RO        10526    x$fpl$fretinf       fz_wm.l(fretinf.o)
    0x08009f08   0x08009f08   0x00000006   Code   RO        10441    x$fpl$ieeestatus    fz_wm.l(istatus.o)
    0x08009f0e   0x08009f0e   0x00000004   Code   RO        10187    x$fpl$printf1       fz_wm.l(printf1.o)
    0x08009f12   0x08009f12   0x00000004   Code   RO        10189    x$fpl$printf2       fz_wm.l(printf2.o)
    0x08009f16   0x08009f16   0x00000064   Code   RO        10575    x$fpl$retnan        fz_wm.l(retnan.o)
    0x08009f7a   0x08009f7a   0x0000005c   Code   RO        10546    x$fpl$scalbn        fz_wm.l(scalbn.o)
    0x08009fd6   0x08009fd6   0x00000004   Code   RO        10195    x$fpl$scanf1        fz_wm.l(scanf1.o)
    0x08009fda   0x08009fda   0x00000008   Code   RO        10443    x$fpl$scanf2        fz_wm.l(scanf2.o)
    0x08009fe2   0x08009fe2   0x00000030   Code   RO        10577    x$fpl$trapveneer    fz_wm.l(trapv.o)
    0x0800a012   0x0800a012   0x00000000   Code   RO        10449    x$fpl$usenofp       fz_wm.l(usenofp.o)
    0x0800a012   0x0800a012   0x00000002   PAD
    0x0800a014   0x0800a014   0x00000001   Data   RO         5846    .constdata          irq_cm4f.o
    0x0800a015   0x0800a015   0x00000003   PAD
    0x0800a018   0x0800a018   0x00000064   Data   RO         7341    .constdata          rtx_lib.o
    0x0800a07c   0x0800a07c   0x0000005c   Data   RO         8925    .constdata          cpp_ws.l(rwstdexcept.o)
    0x0800a0d8   0x0800a0d8   0x00000200   Data   RO         9301    .constdata          cpp_ws.l(char.o)
    0x0800a2d8   0x0800a2d8   0x00000008   Data   RO         9884    .constdata          c_w.l(_printf_wctomb.o)
    0x0800a2e0   0x0800a2e0   0x00000028   Data   RO         9913    .constdata          c_w.l(_printf_hex_int_ll_ptr.o)
    0x0800a308   0x0800a308   0x00000011   Data   RO         9933    .constdata          c_w.l(__printf_flags_ss_wp.o)
    0x0800a319   0x0800a319   0x00000004   Data   RO        10198    .constdata          c_w.l(sys_io.o)
    0x0800a31d   0x0800a31d   0x00000004   Data   RO        10199    .constdata          c_w.l(sys_io.o)
    0x0800a321   0x0800a321   0x00000004   Data   RO        10200    .constdata          c_w.l(sys_io.o)
    0x0800a325   0x0800a325   0x00000026   Data   RO        10255    .constdata          c_w.l(_printf_fp_hex.o)
    0x0800a34b   0x0800a34b   0x00000001   PAD
    0x0800a34c   0x0800a34c   0x00000094   Data   RO        10376    .constdata          c_w.l(bigflt0.o)
    0x0800a3e0   0x0800a3e0   0x00000014   Data   RO         9001    .constdata__ZTVNSt6locale5facetE  cpp_ws.l(rwstdexcept.o)
    0x0800a3f4   0x0800a3f4   0x00000034   Data   RO         9483    .constdata__ZTVSt12ctype_bynameIcE  cpp_ws.l(char.o)
    0x0800a428   0x0800a428   0x00000014   Data   RO         9003    .constdata__ZTVSt14__rw_exception  cpp_ws.l(rwstdexcept.o)
    0x0800a43c   0x0800a43c   0x00000034   Data   RO         9312    .constdata__ZTVSt5ctypeIcE  cpp_ws.l(char.o)
    0x0800a470   0x0800a470   0x00000020   Data   RO         8938    .constdata__ZTVSt8messagesIcE  cpp_ws.l(rwstdexcept.o)
    0x0800a490   0x0800a490   0x00000014   Data   RO         9785    .constdata__ZTVSt9exception  cpprt_w.l(exception_dtor.o)
    0x0800a4a4   0x0800a4a4   0x00000001   Data   RO         9613    .constdata__ZZNK4__rw15__rw_locale_imp16_C_category_nameEiEs  cpp_ws.l(locale.o)
    0x0800a4a5   0x0800a4a5   0x00000001   Data   RO         9320    .constdata__ZZNSs7replaceEjjPKcjjjEs  cpp_ws.l(char.o)
    0x0800a4a6   0x0800a4a6   0x00000001   Data   RO         9321    .constdata__ZZNSs9_C_getRepEjjEs  cpp_ws.l(char.o)
    0x0800a4a7   0x0800a4a7   0x00000002   Data   RO         8939    .constdata__ZZNSt8messagesIcEC1EjEs  cpp_ws.l(rwstdexcept.o)
    0x0800a4a9   0x0800a4a9   0x00000003   PAD
    0x0800a4ac   0x0800a4ac   0x00000272   Data   RO         8926    .conststring        cpp_ws.l(rwstdexcept.o)
    0x0800a71e   0x0800a71e   0x00000002   PAD
    0x0800a720   0x0800a720   0x0000000b   Data   RO         7141    .conststrlit        rtx_kernel.o
    0x0800a72b   0x0800a72b   0x00000001   PAD
    0x0800a72c   0x0800a72c   0x00000068   Data   RO         7343    .rodata             rtx_lib.o
    0x0800a794   0x0800a794   0x00000020   Data   RO        10585    Region$$Table       anon$$obj.o
    0x0800a7b4   0x0800a7b4   0x00000008   Data   RO        10437    c$$dinf             fz_wm.l(fpconst.o)
    0x0800a7bc   0x0800a7bc   0x00000008   Data   RO        10440    c$$dmax             fz_wm.l(fpconst.o)
    0x0800a7c4   0x0800a7c4   0x00000110   Data   RO        10303    locale$$data        c_w.l(lc_ctype_c.o)
    0x0800a8d4   0x0800a8d4   0x00000010   Data   RO        10406    locale$$data        c_w.l(null_locale.o)
    0x0800a8e4   0x0800a8e4   0x0000001c   Data   RO        10410    locale$$data        c_w.l(lc_numeric_c.o)
    0x0800a900   0x0800a900   0x00000004   Data   RO         9303    .init_array         cpp_ws.l(char.o)
    0x0800a904   0x0800a900   0x00000004   Data   RO         9596    .init_array         cpp_ws.l(locale.o)
    0x0800a908   0x0800a900   0x00000004   Data   RO        10076    .init_array         cpp_ws.l(rwcats.o)
    0x0800a90c   0x0800a900   0x00000000   Data   RO        10580    .init_array         c_w.l(init_aeabi.o)


    Execution Region RW_IRAM1 (Exec base: 0x20000000, Load base: 0x0800a90c, Size: 0x00001e18, Max: 0x00020000, ABSOLUTE, COMPRESSED[0x00000060])

    Exec Addr    Load Addr    Size         Type   Attr      Idx    E Section Name        Object

    0x20000000   COMPRESSED   0x00001040   Data   RW         7335    .bss.os             rtx_lib.o
    0x20001040   COMPRESSED   0x000001f0   Data   RW         7336    .bss.os.libspace    rtx_lib.o
    0x20001230   COMPRESSED   0x00000034   Data   RW         7337    .bss.os.msgqueue.cb  rtx_lib.o
    0x20001264   COMPRESSED   0x00000050   Data   RW         7338    .bss.os.msgqueue.mem  rtx_lib.o
    0x200012b4   COMPRESSED   0x00000088   Data   RW         7339    .bss.os.thread.cb   rtx_lib.o
    0x2000133c   COMPRESSED   0x00000004   PAD
    0x20001340   COMPRESSED   0x00000200   Data   RW         7340    .bss.os.thread.stack  rtx_lib.o
    0x20001540   COMPRESSED   0x00000014   Data   RW         5804    .data               system_stm32f4xx.o
    0x20001554   COMPRESSED   0x00000005   Data   RW         7342    .data               rtx_lib.o
    0x20001559   COMPRESSED   0x00000001   Data   RW         8636    .data               os_systick.o
    0x2000155a   COMPRESSED   0x00000002   PAD
    0x2000155c   COMPRESSED   0x00000017   Data   RW         8927    .data               cpp_ws.l(rwstdexcept.o)
    0x20001573   COMPRESSED   0x00000001   PAD
    0x20001574   COMPRESSED   0x00000004   Data   RW         9254    .data               c_w.l(stdio_streams.o)
    0x20001578   COMPRESSED   0x00000004   Data   RW         9255    .data               c_w.l(stdio_streams.o)
    0x2000157c   COMPRESSED   0x00000004   Data   RW         9256    .data               c_w.l(stdio_streams.o)
    0x20001580   COMPRESSED   0x00000008   Data   RW         9302    .data               cpp_ws.l(char.o)
    0x20001588   COMPRESSED   0x0000001c   Data   RW         9595    .data               cpp_ws.l(locale.o)
    0x200015a4   COMPRESSED   0x00000004   Data   RW         9754    .data               cpp_ws.l(rwthrowproc_noex.o)
    0x200015a8   COMPRESSED   0x00000008   Data   RW        10075    .data               cpp_ws.l(rwcats.o)
    0x200015b0   COMPRESSED   0x00000004   Data   RW        10282    .data               c_w.l(streamlock.o)
    0x200015b4   COMPRESSED   0x000000a4   Data   RW         7142    .data.os            rtx_kernel.o
    0x20001658   COMPRESSED   0x00000004   Data   RW         9696    .data__ZZNKSt6locale2id7_C_initEvE9_C_id_gen  cpp_ws.l(locale.o)
    0x2000165c   COMPRESSED   0x0000000c   Data   RW         9752    .data__ZZSt13__rw_get_catsvE11__open_cats  cpp_ws.l(messages.o)
    0x20001668        -       0x00000018   Zero   RW         8924    .bss                cpp_ws.l(rwstdexcept.o)
    0x20001680        -       0x00000054   Zero   RW         9251    .bss                c_w.l(stdio_streams.o)
    0x200016d4        -       0x00000054   Zero   RW         9252    .bss                c_w.l(stdio_streams.o)
    0x20001728        -       0x00000054   Zero   RW         9253    .bss                c_w.l(stdio_streams.o)
    0x2000177c        -       0x00000060   Zero   RW         9823    .bss                c_w.l(libspace.o)
    0x200017dc        -       0x0000002a   Zero   RW         9979    .bss                c_w.l(locale.o)
    0x20001806   COMPRESSED   0x00000002   PAD
    0x20001808        -       0x00000010   Zero   RW        10149    .bss__ZNSs9__nullrefE  cpp_ws.l(vendor.o)
    0x20001818        -       0x00000200   Zero   RW         5840    HEAP                startup_stm32f40xx.o
    0x20001a18        -       0x00000400   Zero   RW         5839    STACK               startup_stm32f40xx.o


==============================================================================

Image component sizes


      Code (inc. data)   RO Data    RW Data    ZI Data      Debug   Object Name

       196         12          1          0          0        628   irq_cm4f.o
       152         16          0          0          0      29469   main.o
       142         24          0          1          0       2500   os_systick.o
        36          6          0          0          0       1061   rtx_config.o
       124          4          0          0          0      21565   rtx_delay.o
       116          0          0          0          0      34319   rtx_evr.o
      1080         42         11        164          0      24349   rtx_kernel.o
       216         12        204       5441          0      13256   rtx_lib.o
       478          0          0          0          0       4191   rtx_memory.o
       532          0          0          0          0       3995   rtx_mempool.o
      2330         34          0          0          0      23620   rtx_msgqueue.o
      1322         38          0          0          0      12120   rtx_mutex.o
       792         40          0          0          0       9821   rtx_system.o
      3060        150          0          0          0      31142   rtx_thread.o
       268         28          0          0          0       3359   rtx_timer.o
        64         26        392          0       1536        924   startup_stm32f40xx.o
       152          0          0          0          0       2216   stm32f4xx_gpio.o
        20          0          0          0          0     251273   stm32f4xx_it.o
        32          6          0          0          0        597   stm32f4xx_rcc.o
       532         54          0         20          0       2865   system_stm32f4xx.o
      4364          0          0          0          0      57646   thead_1.o

    ----------------------------------------------------------------------
     16020        492        644       5632       1536     530916   Object Totals
         0          0         32          0          0          0   (incl. Generated)
        12          0          4          6          0          0   (incl. Padding)

    ----------------------------------------------------------------------

      Code (inc. data)   RO Data    RW Data    ZI Data      Debug   Library Member Name

        58          0          0          0          0          0   __dczerorl.o
         8          0          0          0          0         68   __main.o
       392          4         17          0          0         92   __printf_flags_ss_wp.o
        14          0          0          0          0         68   __printf_wp.o
         0          0          0          0          0          0   __rtentry.o
        20          0          0          0          0          0   __rtentry2.o
         6          0          0          0          0          0   __rtentry4.o
        52          8          0          0          0          0   __scatter.o
        28          0          0          0          0          0   __scatter_zi.o
        28          0          0          0          0         68   _chval.o
        60          0          0          0          0         92   _mbrtowc.o
         6          0          0          0          0          0   _printf_a.o
         6          0          0          0          0          0   _printf_c.o
        44          0          0          0          0        108   _printf_char.o
        48          6          0          0          0         96   _printf_char_common.o
        64          6          0          0          0         84   _printf_char_file_locked.o
        40          0          0          0          0         68   _printf_charcount.o
         6          0          0          0          0          0   _printf_d.o
       120         16          0          0          0         92   _printf_dec.o
         6          0          0          0          0          0   _printf_e.o
         6          0          0          0          0          0   _printf_f.o
      1054          0          0          0          0        216   _printf_fp_dec.o
       764          8         38          0          0        100   _printf_fp_hex.o
       128         16          0          0          0         84   _printf_fp_infnan.o
         6          0          0          0          0          0   _printf_g.o
       148          4         40          0          0        160   _printf_hex_int_ll_ptr.o
         6          0          0          0          0          0   _printf_i.o
       178          0          0          0          0         88   _printf_intcommon.o
        10          0          0          0          0          0   _printf_l.o
         6          0          0          0          0          0   _printf_lc.o
        10          0          0          0          0          0   _printf_ll.o
         6          0          0          0          0          0   _printf_lld.o
         6          0          0          0          0          0   _printf_lli.o
         6          0          0          0          0          0   _printf_llo.o
         6          0          0          0          0          0   _printf_llu.o
         6          0          0          0          0          0   _printf_llx.o
       124         16          0          0          0         92   _printf_longlong_dec.o
         6          0          0          0          0          0   _printf_ls.o
         6          0          0          0          0          0   _printf_n.o
         6          0          0          0          0          0   _printf_o.o
       112         10          0          0          0        124   _printf_oct_int_ll.o
         6          0          0          0          0          0   _printf_p.o
        78          0          0          0          0        108   _printf_pad.o
         0          0          0          0          0          0   _printf_percent.o
         4          0          0          0          0          0   _printf_percent_end.o
         6          0          0          0          0          0   _printf_s.o
        82          0          0          0          0         80   _printf_str.o
        36          0          0          0          0         84   _printf_truncate.o
         6          0          0          0          0          0   _printf_u.o
        44          0          0          0          0        108   _printf_wchar.o
       188          6          8          0          0         92   _printf_wctomb.o
         6          0          0          0          0          0   _printf_x.o
        22          0          0          0          0        100   _rserrno.o
       884          6          0          0          0        100   _scanf.o
       332          0          0          0          0         96   _scanf_int.o
       342          0          0          0          0        100   _scanf_longlong.o
       276          0          0          0          0        100   _scanf_mbtowc.o
       224          0          0          0          0         96   _scanf_str.o
        30          0          0          0          0         76   _scanf_wcharmap.o
       232          0          0          0          0        100   _scanf_wctomb.o
       208          0          0          0          0         96   _scanf_wstr.o
        64          0          0          0          0         84   _sgetc.o
        16          0          0          0          0         68   _snputc.o
        10          0          0          0          0         68   _sputc.o
        64          0          0          0          0         92   _wcrtomb.o
        22          0          0          0          0         80   abort.o
        46          0          0          0          0         84   aeabi_atexit.o
       228          4        148          0          0         96   bigflt0.o
      2152        136          0          0          0        960   btod.o
        66          0          0          0          0         84   cxa_finalize.o
        48         34          0          0          0         76   defsig_abrt_inner.o
        14          0          0          0          0         80   defsig_abrt_outer.o
        10          0          0          0          0         68   defsig_exit.o
        50          0          0          0          0         88   defsig_general.o
        80         58          0          0          0         76   defsig_rtmem_inner.o
        14          0          0          0          0         80   defsig_rtmem_outer.o
        52         38          0          0          0         76   defsig_rtred_inner.o
        14          0          0          0          0         80   defsig_rtred_outer.o
        18          0          0          0          0         80   exit.o
        76          0          0          0          0         88   fclose.o
       470          0          0          0          0         88   flsbuf.o
       324          8          0          0          0        152   fopen_locked.o
        20          0          0          0          0         84   fprintf.o
        26          0          0          0          0         68   fputc.o
       248          6          0          0          0         84   fseek.o
        66          0          0          0          0         76   ftell.o
       158          0          0          0          0        128   h1_alloc_mt.o
        62          0          0          0          0         80   h1_extend_mt.o
        10          0          0          0          0         76   h1_final_mt.o
       118          0          0          0          0        108   h1_free_mt.o
        18          0          0          0          0         84   h1_init_mt.o
         6          0          0          0          0        152   heapauxi.o
         4          0          0          0          0        136   hguard.o
         0          0          0          0          0          0   indicate_semi.o
        36         10          0          0          0         80   init_aeabi.o
       138          0          0          0          0        168   init_alloc.o
       456         48          0          0          0        116   initio_locked.o
        18          0          0          0          0         76   isspace.o
        44         10        272          0          0         76   lc_ctype_c.o
        44         10         28          0          0         76   lc_numeric_c.o
         2          0          0          0          0          0   libinit.o
        50          0          0          0          0          0   libinit2.o
         2          0          0          0          0          0   libshutdown.o
        16          0          0          0          0          0   libshutdown2.o
         8          4          0          0         96         68   libspace.o
        38          0          0          0          0         68   llshl.o
       138          0          0          0          0         80   lludiv10.o
        16          6          0          0         42         68   locale.o
       440          8          0          0          0        180   locale_r.o
         0          0          0          0          0          0   maybetermalloc2.o
         8          0          0          0          0         76   memcpy.o
         0          0         16          0          0          0   null_locale.o
        16          4          0          0          0         76   rt_ctype_table.o
        10          0          0          0          0         76   rt_ddtor_pointer_addr_twolibspace.o
        10          0          0          0          0         76   rt_eh_globals_addr_twolibspace.o
         4          0          0          0          0         68   rt_errno_addr_twolibspace.o
        10          0          0          0          0         76   rt_heap_descriptor_twolibspace.o
        10          0          0          0          0         76   rt_locale_twolibspace.o
        68          0          0          0          0         68   rt_memclr.o
        78          0          0          0          0         80   rt_memclr_w.o
       138          0          0          0          0         68   rt_memcpy_v6.o
       100          0          0          0          0         80   rt_memcpy_w.o
       132          0          0          0          0         68   rt_memmove_v6.o
       122          0          0          0          0         80   rt_memmove_w.o
        10          0          0          0          0         76   rt_new_handler_addr_twolibspace.o
         2          0          0          0          0          0   rtexit.o
        10          0          0          0          0          0   rtexit2.o
        44          8          0          0          0         84   scanf_char.o
      1272         16          0          0          0        168   scanf_fp.o
       800         14          0          0          0        100   scanf_hexfp.o
       308         16          0          0          0        100   scanf_infnan.o
       104          0          0          0          0         88   setvbuf_locked.o
        60          8          0          0          0         84   sscanf.o
       240          6          0          0          0        156   stdio.o
         0          0          0         12        252          0   stdio_streams.o
        24          0          0          0          0         68   strcat.o
       128          0          0          0          0         68   strcmpv7m.o
        72          0          0          0          0         80   strcpy.o
         0          0          0          4          0          0   streamlock.o
        62          0          0          0          0         76   strlen.o
        22          0          0          0          0         68   strrchr.o
        12          4          0          0          0         68   sys_exit.o
       102          0         12          0          0        240   sys_io.o
        74          0          0          0          0         80   sys_stackheap_outer.o
        14          0          0          0          0         76   sys_wrch.o
        16          0          0          0          0         80   term_alloc.o
         2          0          0          0          0         68   use_no_semi.o
        52          4          0          0          0         80   vsnprintf.o
      1824         74        622          8          0       1552   char.o
      1502         80          5         32          0       1760   locale.o
       482         34          0         12          0        784   messages.o
        36          0          0          0          0        144   rwalloc.o
       184         24          4          8          0        400   rwcats.o
      1000         68        792         23         24       1220   rwstdexcept.o
       152         94          0          0          0         72   rwthrowproc_impl_noex.o
         0          0          0          4          0          0   rwthrowproc_noex.o
         0          0          0          0         16          0   vendor.o
        28          0          0          0          0         84   ARM_vec_cleanup_noexceptions.o
        14          0          0          0          0         80   aeabi_vec_delete_noexceptions.o
        16          0          0          0          0         68   aeabi_vec_dtor_cookie.o
        34          0          0          0          0         84   aeabi_vec_dtor_noexceptions.o
        20          0          0          0          0         80   aeabi_vec_new_cookie.o
        80         12          0          0          0        104   arm_exceptions_globs.o
        60          0          0          0          0        108   arm_exceptions_mem.o
        26          0          0          0          0         76   arm_exceptions_terminate.o
         4          0          0          0          0         68   arm_newhandler_noexceptions.o
         2          0          0          0          0         68   arm_rethrow_noexceptions.o
         8          0          0          0          0         76   array_del.o
         8          0          0          0          0         76   array_new.o
       146          0          0          0          0         96   array_new_general.o
        16          0          0          0          0         68   cxa_guard_acquire.o
        24          6          0          0          0         84   cxa_vec_new.o
         8          0          0          0          0         76   delete.o
        12          6          0          0          0         68   exception_ctor.o
         0          0         20          0          0          0   exception_dtor.o
        40          6          0          0          0         76   new.o
        98          4          0          0          0        140   d2f.o
        16          4          0          0          0        116   dcheck1.o
        24          0          0          0          0        116   dcmpi.o
       120          4          0          0          0        140   deqf.o
       120          4          0          0          0        140   dleqf.o
       340         12          0          0          0        152   dmul.o
       156          4          0          0          0        140   dnaninf.o
        12          0          0          0          0        116   dretinf.o
       108          0          0          0          0        128   drleqf.o
         0          0         16          0          0          0   fpconst.o
        10          0          0          0          0        116   fpinit.o
        10          0          0          0          0        116   fretinf.o
         6          0          0          0          0        116   istatus.o
         4          0          0          0          0        116   printf1.o
         4          0          0          0          0        116   printf2.o
       100          0          0          0          0        116   retnan.o
        92          0          0          0          0        116   scalbn.o
         4          0          0          0          0        116   scanf1.o
         8          0          0          0          0        132   scanf2.o
        48          0          0          0          0        116   trapv.o
         0          0          0          0          0          0   usenofp.o
        64         16          0          0          0        248   dunder.o
        48          0          0          0          0        124   fpclassify.o
       140         22          0          0          0        132   frexp.o
       228          8          0          0          0        308   ldexp.o
       266         16          0          0          0        308   narrow.o

    ----------------------------------------------------------------------
     24568       1064       2044        104        432      21548   Library Totals
        48          0          6          1          2          0   (incl. Padding)

    ----------------------------------------------------------------------

      Code (inc. data)   RO Data    RW Data    ZI Data      Debug   Library Name

     16768        566        579         16        390      10692   c_w.l
      5180        374       1423         87         40       5932   cpp_ws.l
       546         30         20          0          0       1440   cpprt_w.l
      1280         32         16          0          0       2364   fz_wm.l
       746         62          0          0          0       1120   m_wm.l

    ----------------------------------------------------------------------
     24568       1064       2044        104        432      21548   Library Totals

    ----------------------------------------------------------------------

==============================================================================


      Code (inc. data)   RO Data    RW Data    ZI Data      Debug   

     40588       1556       2688       5736       1968     518248   Grand Totals
     40588       1556       2688         96       1968     518248   ELF Image Totals (compressed)
     40588       1556       2688         96          0          0   ROM Totals

==============================================================================

    Total RO  Size (Code + RO Data)                43276 (  42.26kB)
    Total RW  Size (RW Data + ZI Data)              7704 (   7.52kB)
    Total ROM Size (Code + RO Data + RW Data)      43372 (  42.36kB)

==============================================================================

